2026-04-14 20:43:12.402 INFO  [main] o.h.jpa.internal.util.LogHelper - HHH000204: Processing PersistenceUnitInfo [name: my-persistence-unit]
2026-04-14 20:43:12.478 INFO  [main] org.hibernate.Version - HHH000412: Hibernate ORM core version 6.6.13.Final
2026-04-14 20:43:12.512 INFO  [main] o.h.c.i.RegionFactoryInitiator - HHH000026: Second-level cache disabled
2026-04-14 20:43:12.692 WARN  [main] o.hibernate.orm.connections.pooling - HHH10001002: Using built-in connection pool (not intended for production use)
2026-04-14 20:43:12.919 INFO  [main] o.hibernate.orm.connections.pooling - HHH10001005: Database info:
	Database JDBC URL [jdbc:sqlite:users.db]
	Database driver: org.sqlite.JDBC
	Database version: 3.49.1
	Autocommit mode: false
	Isolation level: undefined/unknown
	Minimum pool size: 1
	Maximum pool size: 20
2026-04-14 20:43:13.773 INFO  [main] o.h.e.t.j.p.i.JtaPlatformInitiator - HHH000489: No JTA platform available (set 'hibernate.transaction.jta.platform' to enable JTA platform integration)
2026-04-14 20:43:13.793 INFO  [main] o.hibernate.orm.connections.access - HHH10001501: Connection obtained from JdbcConnectionAccess [org.hibernate.engine.jdbc.env.internal.JdbcEnvironmentInitiator$ConnectionProviderJdbcConnectionAccess@5d1d9d73] for (non-JTA) DDL execution was not in auto-commit mode; the Connection 'local transaction' will be committed and the Connection will be set into auto-commit mode.
2026-04-14 20:46:04.939 INFO  [main] o.h.jpa.internal.util.LogHelper - HHH000204: Processing PersistenceUnitInfo [name: my-persistence-unit]
2026-04-14 20:46:04.981 INFO  [main] org.hibernate.Version - HHH000412: Hibernate ORM core version 6.6.13.Final
2026-04-14 20:46:05.008 INFO  [main] o.h.c.i.RegionFactoryInitiator - HHH000026: Second-level cache disabled
2026-04-14 20:46:05.152 WARN  [main] o.hibernate.orm.connections.pooling - HHH10001002: Using built-in connection pool (not intended for production use)
2026-04-14 20:46:05.351 INFO  [main] o.hibernate.orm.connections.pooling - HHH10001005: Database info:
	Database JDBC URL [jdbc:sqlite:users.db]
	Database driver: org.sqlite.JDBC
	Database version: 3.49.1
	Autocommit mode: false
	Isolation level: undefined/unknown
	Minimum pool size: 1
	Maximum pool size: 20
2026-04-14 20:46:06.123 INFO  [main] o.h.e.t.j.p.i.JtaPlatformInitiator - HHH000489: No JTA platform available (set 'hibernate.transaction.jta.platform' to enable JTA platform integration)
2026-04-14 20:46:06.136 INFO  [main] o.hibernate.orm.connections.access - HHH10001501: Connection obtained from JdbcConnectionAccess [org.hibernate.engine.jdbc.env.internal.JdbcEnvironmentInitiator$ConnectionProviderJdbcConnectionAccess@4a864d4d] for (non-JTA) DDL execution was not in auto-commit mode; the Connection 'local transaction' will be committed and the Connection will be set into auto-commit mode.
2026-04-14 20:47:38.112 INFO  [main] o.h.jpa.internal.util.LogHelper - HHH000204: Processing PersistenceUnitInfo [name: my-persistence-unit]
2026-04-14 20:47:38.154 INFO  [main] org.hibernate.Version - HHH000412: Hibernate ORM core version 6.6.13.Final
2026-04-14 20:47:38.179 INFO  [main] o.h.c.i.RegionFactoryInitiator - HHH000026: Second-level cache disabled
2026-04-14 20:47:38.312 WARN  [main] o.hibernate.orm.connections.pooling - HHH10001002: Using built-in connection pool (not intended for production use)
2026-04-14 20:47:38.494 INFO  [main] o.hibernate.orm.connections.pooling - HHH10001005: Database info:
	Database JDBC URL [jdbc:sqlite:users.db]
	Database driver: org.sqlite.JDBC
	Database version: 3.49.1
	Autocommit mode: false
	Isolation level: undefined/unknown
	Minimum pool size: 1
	Maximum pool size: 20
2026-04-14 20:47:39.217 INFO  [main] o.h.e.t.j.p.i.JtaPlatformInitiator - HHH000489: No JTA platform available (set 'hibernate.transaction.jta.platform' to enable JTA platform integration)
2026-04-14 20:47:39.232 INFO  [main] o.hibernate.orm.connections.access - HHH10001501: Connection obtained from JdbcConnectionAccess [org.hibernate.engine.jdbc.env.internal.JdbcEnvironmentInitiator$ConnectionProviderJdbcConnectionAccess@4a864d4d] for (non-JTA) DDL execution was not in auto-commit mode; the Connection 'local transaction' will be committed and the Connection will be set into auto-commit mode.
2026-04-14 20:47:50.440 INFO  [main] o.h.jpa.internal.util.LogHelper - HHH000204: Processing PersistenceUnitInfo [name: my-persistence-unit]
2026-04-14 20:47:50.480 INFO  [main] org.hibernate.Version - HHH000412: Hibernate ORM core version 6.6.13.Final
2026-04-14 20:47:50.504 INFO  [main] o.h.c.i.RegionFactoryInitiator - HHH000026: Second-level cache disabled
2026-04-14 20:47:50.646 WARN  [main] o.hibernate.orm.connections.pooling - HHH10001002: Using built-in connection pool (not intended for production use)
2026-04-14 20:47:50.846 INFO  [main] o.hibernate.orm.connections.pooling - HHH10001005: Database info:
	Database JDBC URL [jdbc:sqlite:users.db]
	Database driver: org.sqlite.JDBC
	Database version: 3.49.1
	Autocommit mode: false
	Isolation level: undefined/unknown
	Minimum pool size: 1
	Maximum pool size: 20
2026-04-14 20:47:51.641 INFO  [main] o.h.e.t.j.p.i.JtaPlatformInitiator - HHH000489: No JTA platform available (set 'hibernate.transaction.jta.platform' to enable JTA platform integration)
2026-04-14 20:47:51.655 INFO  [main] o.hibernate.orm.connections.access - HHH10001501: Connection obtained from JdbcConnectionAccess [org.hibernate.engine.jdbc.env.internal.JdbcEnvironmentInitiator$ConnectionProviderJdbcConnectionAccess@4a864d4d] for (non-JTA) DDL execution was not in auto-commit mode; the Connection 'local transaction' will be committed and the Connection will be set into auto-commit mode.
2026-04-14 20:48:05.680 INFO  [main] o.h.jpa.internal.util.LogHelper - HHH000204: Processing PersistenceUnitInfo [name: my-persistence-unit]
2026-04-14 20:48:05.721 INFO  [main] org.hibernate.Version - HHH000412: Hibernate ORM core version 6.6.13.Final
2026-04-14 20:48:05.744 INFO  [main] o.h.c.i.RegionFactoryInitiator - HHH000026: Second-level cache disabled
2026-04-14 20:48:05.874 WARN  [main] o.hibernate.orm.connections.pooling - HHH10001002: Using built-in connection pool (not intended for production use)
2026-04-14 20:48:06.044 INFO  [main] o.hibernate.orm.connections.pooling - HHH10001005: Database info:
	Database JDBC URL [jdbc:sqlite:users.db]
	Database driver: org.sqlite.JDBC
	Database version: 3.49.1
	Autocommit mode: false
	Isolation level: undefined/unknown
	Minimum pool size: 1
	Maximum pool size: 20
2026-04-14 20:48:06.769 INFO  [main] o.h.e.t.j.p.i.JtaPlatformInitiator - HHH000489: No JTA platform available (set 'hibernate.transaction.jta.platform' to enable JTA platform integration)
2026-04-14 20:48:06.786 INFO  [main] o.hibernate.orm.connections.access - HHH10001501: Connection obtained from JdbcConnectionAccess [org.hibernate.engine.jdbc.env.internal.JdbcEnvironmentInitiator$ConnectionProviderJdbcConnectionAccess@4a864d4d] for (non-JTA) DDL execution was not in auto-commit mode; the Connection 'local transaction' will be committed and the Connection will be set into auto-commit mode.
2026-04-14 20:48:08.441 INFO  [main] conector.JpaFilmsRepository - finding film in db
2026-04-14 20:48:08.688 INFO  [main] conector.JpaFilmsRepository - finding film in db
2026-04-14 20:48:08.690 INFO  [main] conector.JpaFilmsRepository - finding film in db
2026-04-14 20:48:08.691 INFO  [main] conector.JpaFilmsRepository - finding film in db
2026-04-14 20:48:08.692 INFO  [main] conector.JpaFilmsRepository - finding film in db
2026-04-14 20:48:08.692 INFO  [main] conector.JpaFilmsRepository - finding film in db
2026-04-14 20:48:08.693 INFO  [main] conector.JpaFilmsRepository - finding film in db
2026-04-14 20:48:08.694 INFO  [main] conector.JpaFilmsRepository - finding film in db
2026-04-14 20:48:08.694 INFO  [main] conector.JpaFilmsRepository - finding film in db
2026-04-14 20:48:08.695 INFO  [main] conector.JpaFilmsRepository - finding film in db
2026-04-14 20:48:08.695 INFO  [main] conector.JpaFilmsRepository - finding film in db
2026-04-14 20:48:08.696 INFO  [main] conector.JpaFilmsRepository - finding film in db
2026-04-14 20:48:08.696 INFO  [main] conector.JpaFilmsRepository - finding film in db
2026-04-14 20:48:08.697 INFO  [main] conector.JpaFilmsRepository - finding film in db
2026-04-14 20:48:08.698 INFO  [main] conector.JpaFilmsRepository - finding film in db
2026-04-14 20:48:08.698 INFO  [main] conector.JpaFilmsRepository - finding film in db
2026-04-14 20:48:08.699 INFO  [main] conector.JpaFilmsRepository - finding film in db
2026-04-14 20:48:08.699 INFO  [main] conector.JpaFilmsRepository - finding film in db
2026-04-14 20:48:08.700 INFO  [main] conector.JpaFilmsRepository - finding film in db
2026-04-14 20:48:08.700 INFO  [main] conector.JpaFilmsRepository - finding film in db
2026-04-14 20:48:08.701 INFO  [main] conector.JpaFilmsRepository - finding film in db
2026-04-14 20:48:08.701 INFO  [main] conector.JpaFilmsRepository - finding film in db
2026-04-14 20:48:08.702 INFO  [main] conector.JpaFilmsRepository - finding film in db
2026-04-14 20:48:08.702 INFO  [main] conector.JpaFilmsRepository - finding film in db
2026-04-14 20:48:08.703 INFO  [main] conector.JpaFilmsRepository - finding film in db
2026-04-14 20:48:08.703 INFO  [main] conector.JpaFilmsRepository - finding film in db
2026-04-14 20:48:08.704 INFO  [main] conector.JpaFilmsRepository - finding film in db
2026-04-14 20:48:08.704 INFO  [main] conector.JpaFilmsRepository - finding film in db
2026-04-14 20:48:08.705 INFO  [main] conector.JpaFilmsRepository - finding film in db
2026-04-14 20:48:08.705 INFO  [main] conector.JpaFilmsRepository - finding film in db
2026-04-14 20:48:08.706 INFO  [main] conector.JpaFilmsRepository - finding film in db
2026-04-14 20:48:08.706 INFO  [main] conector.JpaFilmsRepository - finding film in db
2026-04-14 20:48:08.707 INFO  [main] conector.JpaFilmsRepository - finding film in db
2026-04-14 20:48:08.707 INFO  [main] conector.JpaFilmsRepository - finding film in db
2026-04-14 20:48:08.708 INFO  [main] conector.JpaFilmsRepository - finding film in db
2026-04-14 20:48:08.708 INFO  [main] conector.JpaFilmsRepository - finding film in db
2026-04-14 20:48:08.709 INFO  [main] conector.JpaFilmsRepository - finding film in db
2026-04-14 20:48:08.709 INFO  [main] conector.JpaFilmsRepository - finding film in db
2026-04-14 20:48:08.710 INFO  [main] conector.JpaFilmsRepository - finding film in db
2026-04-14 20:48:08.710 INFO  [main] conector.JpaFilmsRepository - finding film in db
2026-04-14 20:48:08.711 INFO  [main] conector.JpaFilmsRepository - finding film in db
2026-04-14 20:48:25.377 INFO  [main] o.h.jpa.internal.util.LogHelper - HHH000204: Processing PersistenceUnitInfo [name: my-persistence-unit]
2026-04-14 20:48:25.416 INFO  [main] org.hibernate.Version - HHH000412: Hibernate ORM core version 6.6.13.Final
2026-04-14 20:48:25.441 INFO  [main] o.h.c.i.RegionFactoryInitiator - HHH000026: Second-level cache disabled
2026-04-14 20:48:25.574 WARN  [main] o.hibernate.orm.connections.pooling - HHH10001002: Using built-in connection pool (not intended for production use)
2026-04-14 20:48:25.747 INFO  [main] o.hibernate.orm.connections.pooling - HHH10001005: Database info:
	Database JDBC URL [jdbc:sqlite:users.db]
	Database driver: org.sqlite.JDBC
	Database version: 3.49.1
	Autocommit mode: false
	Isolation level: undefined/unknown
	Minimum pool size: 1
	Maximum pool size: 20
2026-04-14 20:48:26.480 INFO  [main] o.h.e.t.j.p.i.JtaPlatformInitiator - HHH000489: No JTA platform available (set 'hibernate.transaction.jta.platform' to enable JTA platform integration)
2026-04-14 20:48:26.493 INFO  [main] o.hibernate.orm.connections.access - HHH10001501: Connection obtained from JdbcConnectionAccess [org.hibernate.engine.jdbc.env.internal.JdbcEnvironmentInitiator$ConnectionProviderJdbcConnectionAccess@4a864d4d] for (non-JTA) DDL execution was not in auto-commit mode; the Connection 'local transaction' will be committed and the Connection will be set into auto-commit mode.
2026-04-14 20:48:27.524 INFO  [main] conector.JpaFilmsRepository - finding film in db
2026-04-14 20:48:27.752 INFO  [main] conector.JpaFilmsRepository - finding film in db
2026-04-14 20:48:27.755 INFO  [main] conector.JpaFilmsRepository - finding film in db
2026-04-14 20:48:27.756 INFO  [main] conector.JpaFilmsRepository - finding film in db
2026-04-14 20:48:27.757 INFO  [main] conector.JpaFilmsRepository - finding film in db
2026-04-14 20:48:27.757 INFO  [main] conector.JpaFilmsRepository - finding film in db
2026-04-14 20:48:27.758 INFO  [main] conector.JpaFilmsRepository - finding film in db
2026-04-14 20:48:27.758 INFO  [main] conector.JpaFilmsRepository - finding film in db
2026-04-14 20:48:27.759 INFO  [main] conector.JpaFilmsRepository - finding film in db
2026-04-14 20:48:27.759 INFO  [main] conector.JpaFilmsRepository - finding film in db
2026-04-14 20:48:27.760 INFO  [main] conector.JpaFilmsRepository - finding film in db
2026-04-14 20:48:27.760 INFO  [main] conector.JpaFilmsRepository - finding film in db
2026-04-14 20:48:27.769 INFO  [main] conector.JpaFilmsRepository - finding film in db
2026-04-14 20:48:27.770 INFO  [main] conector.JpaFilmsRepository - finding film in db
2026-04-14 20:48:27.771 INFO  [main] conector.JpaFilmsRepository - finding film in db
2026-04-14 20:48:27.771 INFO  [main] conector.JpaFilmsRepository - finding film in db
2026-04-14 20:48:27.772 INFO  [main] conector.JpaFilmsRepository - finding film in db
2026-04-14 20:48:27.772 INFO  [main] conector.JpaFilmsRepository - finding film in db
2026-04-14 20:48:27.773 INFO  [main] conector.JpaFilmsRepository - finding film in db
2026-04-14 20:48:27.774 INFO  [main] conector.JpaFilmsRepository - finding film in db
2026-04-14 20:48:27.774 INFO  [main] conector.JpaFilmsRepository - finding film in db
2026-04-14 20:48:27.775 INFO  [main] conector.JpaFilmsRepository - finding film in db
2026-04-14 20:48:27.775 INFO  [main] conector.JpaFilmsRepository - finding film in db
2026-04-14 20:48:27.776 INFO  [main] conector.JpaFilmsRepository - finding film in db
2026-04-14 20:48:27.776 INFO  [main] conector.JpaFilmsRepository - finding film in db
2026-04-14 20:48:27.777 INFO  [main] conector.JpaFilmsRepository - finding film in db
2026-04-14 20:48:27.777 INFO  [main] conector.JpaFilmsRepository - finding film in db
2026-04-14 20:48:27.777 INFO  [main] conector.JpaFilmsRepository - finding film in db
2026-04-14 20:48:27.778 INFO  [main] conector.JpaFilmsRepository - finding film in db
2026-04-14 20:48:27.778 INFO  [main] conector.JpaFilmsRepository - finding film in db
2026-04-14 20:48:27.779 INFO  [main] conector.JpaFilmsRepository - finding film in db
2026-04-14 20:48:27.779 INFO  [main] conector.JpaFilmsRepository - finding film in db
2026-04-14 20:48:27.779 INFO  [main] conector.JpaFilmsRepository - finding film in db
2026-04-14 20:48:27.780 INFO  [main] conector.JpaFilmsRepository - finding film in db
2026-04-14 20:48:27.781 INFO  [main] conector.JpaFilmsRepository - finding film in db
2026-04-14 20:48:27.781 INFO  [main] conector.JpaFilmsRepository - finding film in db
2026-04-14 20:48:27.782 INFO  [main] conector.JpaFilmsRepository - finding film in db
2026-04-14 20:48:27.782 INFO  [main] conector.JpaFilmsRepository - finding film in db
2026-04-14 20:48:27.783 INFO  [main] conector.JpaFilmsRepository - finding film in db
2026-04-14 20:48:27.783 INFO  [main] conector.JpaFilmsRepository - finding film in db
2026-04-14 20:48:27.783 INFO  [main] conector.JpaFilmsRepository - finding film in db
2026-04-14 20:49:10.053 INFO  [main] o.h.jpa.internal.util.LogHelper - HHH000204: Processing PersistenceUnitInfo [name: my-persistence-unit]
2026-04-14 20:49:10.091 INFO  [main] org.hibernate.Version - HHH000412: Hibernate ORM core version 6.6.13.Final
2026-04-14 20:49:10.115 INFO  [main] o.h.c.i.RegionFactoryInitiator - HHH000026: Second-level cache disabled
2026-04-14 20:49:10.245 WARN  [main] o.hibernate.orm.connections.pooling - HHH10001002: Using built-in connection pool (not intended for production use)
2026-04-14 20:49:10.429 INFO  [main] o.hibernate.orm.connections.pooling - HHH10001005: Database info:
	Database JDBC URL [jdbc:sqlite:users.db]
	Database driver: org.sqlite.JDBC
	Database version: 3.49.1
	Autocommit mode: false
	Isolation level: undefined/unknown
	Minimum pool size: 1
	Maximum pool size: 20
2026-04-14 20:49:11.165 INFO  [main] o.h.e.t.j.p.i.JtaPlatformInitiator - HHH000489: No JTA platform available (set 'hibernate.transaction.jta.platform' to enable JTA platform integration)
2026-04-14 20:49:11.182 INFO  [main] o.hibernate.orm.connections.access - HHH10001501: Connection obtained from JdbcConnectionAccess [org.hibernate.engine.jdbc.env.internal.JdbcEnvironmentInitiator$ConnectionProviderJdbcConnectionAccess@4a864d4d] for (non-JTA) DDL execution was not in auto-commit mode; the Connection 'local transaction' will be committed and the Connection will be set into auto-commit mode.
2026-04-14 20:49:12.525 INFO  [main] conector.JpaFilmsRepository - finding film in db
2026-04-14 20:49:12.548 INFO  [main] conector.JpaFilmsRepository - finding film in db
2026-04-14 20:49:12.550 INFO  [main] conector.JpaFilmsRepository - finding film in db
2026-04-14 20:49:12.551 INFO  [main] conector.JpaFilmsRepository - finding film in db
2026-04-14 20:49:12.551 INFO  [main] conector.JpaFilmsRepository - finding film in db
2026-04-14 20:49:12.552 INFO  [main] conector.JpaFilmsRepository - finding film in db
2026-04-14 20:49:12.553 INFO  [main] conector.JpaFilmsRepository - finding film in db
2026-04-14 20:49:12.553 INFO  [main] conector.JpaFilmsRepository - finding film in db
2026-04-14 20:49:12.554 INFO  [main] conector.JpaFilmsRepository - finding film in db
2026-04-14 20:49:12.555 INFO  [main] conector.JpaFilmsRepository - finding film in db
2026-04-14 20:49:12.555 INFO  [main] conector.JpaFilmsRepository - finding film in db
2026-04-14 20:49:12.556 INFO  [main] conector.JpaFilmsRepository - finding film in db
2026-04-14 20:49:12.556 INFO  [main] conector.JpaFilmsRepository - finding film in db
2026-04-14 20:49:12.557 INFO  [main] conector.JpaFilmsRepository - finding film in db
2026-04-14 20:49:12.557 INFO  [main] conector.JpaFilmsRepository - finding film in db
2026-04-14 20:49:12.558 INFO  [main] conector.JpaFilmsRepository - finding film in db
2026-04-14 20:49:12.558 INFO  [main] conector.JpaFilmsRepository - finding film in db
2026-04-14 20:49:12.559 INFO  [main] conector.JpaFilmsRepository - finding film in db
2026-04-14 20:49:12.560 INFO  [main] conector.JpaFilmsRepository - finding film in db
2026-04-14 20:49:12.561 INFO  [main] conector.JpaFilmsRepository - finding film in db
2026-04-14 20:49:12.561 INFO  [main] conector.JpaFilmsRepository - finding film in db
2026-04-14 20:49:12.562 INFO  [main] conector.JpaFilmsRepository - finding film in db
2026-04-14 20:49:12.563 INFO  [main] conector.JpaFilmsRepository - finding film in db
2026-04-14 20:49:12.564 INFO  [main] conector.JpaFilmsRepository - finding film in db
2026-04-14 20:49:12.564 INFO  [main] conector.JpaFilmsRepository - finding film in db
2026-04-14 20:49:12.565 INFO  [main] conector.JpaFilmsRepository - finding film in db
2026-04-14 20:49:12.566 INFO  [main] conector.JpaFilmsRepository - finding film in db
2026-04-14 20:49:12.567 INFO  [main] conector.JpaFilmsRepository - finding film in db
2026-04-14 20:49:12.567 INFO  [main] conector.JpaFilmsRepository - finding film in db
2026-04-14 20:49:12.568 INFO  [main] conector.JpaFilmsRepository - finding film in db
2026-04-14 20:49:12.569 INFO  [main] conector.JpaFilmsRepository - finding film in db
2026-04-14 20:49:12.569 INFO  [main] conector.JpaFilmsRepository - finding film in db
2026-04-14 20:49:12.570 INFO  [main] conector.JpaFilmsRepository - finding film in db
2026-04-14 20:49:12.571 INFO  [main] conector.JpaFilmsRepository - finding film in db
2026-04-14 20:49:12.572 INFO  [main] conector.JpaFilmsRepository - finding film in db
2026-04-14 20:49:12.572 INFO  [main] conector.JpaFilmsRepository - finding film in db
2026-04-14 20:49:12.573 INFO  [main] conector.JpaFilmsRepository - finding film in db
2026-04-14 20:49:12.573 INFO  [main] conector.JpaFilmsRepository - finding film in db
2026-04-14 20:49:12.574 INFO  [main] conector.JpaFilmsRepository - finding film in db
2026-04-14 20:49:12.576 INFO  [main] conector.JpaFilmsRepository - finding film in db
2026-04-14 20:49:12.577 INFO  [main] conector.JpaFilmsRepository - finding film in db
2026-04-14 20:50:46.189 INFO  [main] o.h.jpa.internal.util.LogHelper - HHH000204: Processing PersistenceUnitInfo [name: my-persistence-unit]
2026-04-14 20:50:46.232 INFO  [main] org.hibernate.Version - HHH000412: Hibernate ORM core version 6.6.13.Final
2026-04-14 20:50:46.258 INFO  [main] o.h.c.i.RegionFactoryInitiator - HHH000026: Second-level cache disabled
2026-04-14 20:50:46.399 WARN  [main] o.hibernate.orm.connections.pooling - HHH10001002: Using built-in connection pool (not intended for production use)
2026-04-14 20:50:46.587 INFO  [main] o.hibernate.orm.connections.pooling - HHH10001005: Database info:
	Database JDBC URL [jdbc:sqlite:users.db]
	Database driver: org.sqlite.JDBC
	Database version: 3.49.1
	Autocommit mode: false
	Isolation level: undefined/unknown
	Minimum pool size: 1
	Maximum pool size: 20
2026-04-14 20:50:47.310 INFO  [main] o.h.e.t.j.p.i.JtaPlatformInitiator - HHH000489: No JTA platform available (set 'hibernate.transaction.jta.platform' to enable JTA platform integration)
2026-04-14 20:50:47.327 INFO  [main] o.hibernate.orm.connections.access - HHH10001501: Connection obtained from JdbcConnectionAccess [org.hibernate.engine.jdbc.env.internal.JdbcEnvironmentInitiator$ConnectionProviderJdbcConnectionAccess@4a864d4d] for (non-JTA) DDL execution was not in auto-commit mode; the Connection 'local transaction' will be committed and the Connection will be set into auto-commit mode.
2026-04-14 20:50:48.624 INFO  [main] conector.JpaFilmsRepository - finding film in db
2026-04-14 20:50:48.648 INFO  [main] conector.JpaFilmsRepository - finding film in db
2026-04-14 20:50:48.649 INFO  [main] conector.JpaFilmsRepository - finding film in db
2026-04-14 20:50:48.650 INFO  [main] conector.JpaFilmsRepository - finding film in db
2026-04-14 20:50:48.651 INFO  [main] conector.JpaFilmsRepository - finding film in db
2026-04-14 20:50:48.652 INFO  [main] conector.JpaFilmsRepository - finding film in db
2026-04-14 20:50:48.653 INFO  [main] conector.JpaFilmsRepository - finding film in db
2026-04-14 20:50:48.653 INFO  [main] conector.JpaFilmsRepository - finding film in db
2026-04-14 20:50:48.654 INFO  [main] conector.JpaFilmsRepository - finding film in db
2026-04-14 20:50:48.654 INFO  [main] conector.JpaFilmsRepository - finding film in db
2026-04-14 20:50:48.655 INFO  [main] conector.JpaFilmsRepository - finding film in db
2026-04-14 20:50:48.656 INFO  [main] conector.JpaFilmsRepository - finding film in db
2026-04-14 20:50:48.657 INFO  [main] conector.JpaFilmsRepository - finding film in db
2026-04-14 20:50:48.657 INFO  [main] conector.JpaFilmsRepository - finding film in db
2026-04-14 20:50:48.658 INFO  [main] conector.JpaFilmsRepository - finding film in db
2026-04-14 20:50:48.658 INFO  [main] conector.JpaFilmsRepository - finding film in db
2026-04-14 20:50:48.659 INFO  [main] conector.JpaFilmsRepository - finding film in db
2026-04-14 20:50:48.660 INFO  [main] conector.JpaFilmsRepository - finding film in db
2026-04-14 20:50:48.660 INFO  [main] conector.JpaFilmsRepository - finding film in db
2026-04-14 20:50:48.661 INFO  [main] conector.JpaFilmsRepository - finding film in db
2026-04-14 20:50:48.661 INFO  [main] conector.JpaFilmsRepository - finding film in db
2026-04-14 20:50:48.662 INFO  [main] conector.JpaFilmsRepository - finding film in db
2026-04-14 20:50:48.662 INFO  [main] conector.JpaFilmsRepository - finding film in db
2026-04-14 20:50:48.663 INFO  [main] conector.JpaFilmsRepository - finding film in db
2026-04-14 20:50:48.663 INFO  [main] conector.JpaFilmsRepository - finding film in db
2026-04-14 20:50:48.664 INFO  [main] conector.JpaFilmsRepository - finding film in db
2026-04-14 20:50:48.664 INFO  [main] conector.JpaFilmsRepository - finding film in db
2026-04-14 20:50:48.665 INFO  [main] conector.JpaFilmsRepository - finding film in db
2026-04-14 20:50:48.665 INFO  [main] conector.JpaFilmsRepository - finding film in db
2026-04-14 20:50:48.666 INFO  [main] conector.JpaFilmsRepository - finding film in db
2026-04-14 20:50:48.666 INFO  [main] conector.JpaFilmsRepository - finding film in db
2026-04-14 20:50:48.667 INFO  [main] conector.JpaFilmsRepository - finding film in db
2026-04-14 20:50:48.667 INFO  [main] conector.JpaFilmsRepository - finding film in db
2026-04-14 20:50:48.668 INFO  [main] conector.JpaFilmsRepository - finding film in db
2026-04-14 20:50:48.669 INFO  [main] conector.JpaFilmsRepository - finding film in db
2026-04-14 20:50:48.669 INFO  [main] conector.JpaFilmsRepository - finding film in db
2026-04-14 20:50:48.670 INFO  [main] conector.JpaFilmsRepository - finding film in db
2026-04-14 20:50:48.670 INFO  [main] conector.JpaFilmsRepository - finding film in db
2026-04-14 20:50:48.671 INFO  [main] conector.JpaFilmsRepository - finding film in db
2026-04-14 20:50:48.671 INFO  [main] conector.JpaFilmsRepository - finding film in db
2026-04-14 20:50:48.672 INFO  [main] conector.JpaFilmsRepository - finding film in db
2026-04-14 20:52:57.015 INFO  [main] o.h.jpa.internal.util.LogHelper - HHH000204: Processing PersistenceUnitInfo [name: my-persistence-unit]
2026-04-14 20:52:57.058 INFO  [main] org.hibernate.Version - HHH000412: Hibernate ORM core version 6.6.13.Final
2026-04-14 20:52:57.084 INFO  [main] o.h.c.i.RegionFactoryInitiator - HHH000026: Second-level cache disabled
2026-04-14 20:52:57.220 WARN  [main] o.hibernate.orm.connections.pooling - HHH10001002: Using built-in connection pool (not intended for production use)
2026-04-14 20:52:57.403 INFO  [main] o.hibernate.orm.connections.pooling - HHH10001005: Database info:
	Database JDBC URL [jdbc:sqlite:users.db]
	Database driver: org.sqlite.JDBC
	Database version: 3.49.1
	Autocommit mode: false
	Isolation level: undefined/unknown
	Minimum pool size: 1
	Maximum pool size: 20
2026-04-14 20:52:58.137 INFO  [main] o.h.e.t.j.p.i.JtaPlatformInitiator - HHH000489: No JTA platform available (set 'hibernate.transaction.jta.platform' to enable JTA platform integration)
2026-04-14 20:52:58.151 INFO  [main] o.hibernate.orm.connections.access - HHH10001501: Connection obtained from JdbcConnectionAccess [org.hibernate.engine.jdbc.env.internal.JdbcEnvironmentInitiator$ConnectionProviderJdbcConnectionAccess@4a864d4d] for (non-JTA) DDL execution was not in auto-commit mode; the Connection 'local transaction' will be committed and the Connection will be set into auto-commit mode.
2026-04-14 20:53:00.790 INFO  [main] conector.JpaFilmsRepository - finding film in db
2026-04-14 20:53:00.821 INFO  [main] conector.JpaFilmsRepository - finding film in db
2026-04-14 20:53:00.823 INFO  [main] conector.JpaFilmsRepository - finding film in db
2026-04-14 20:53:00.824 INFO  [main] conector.JpaFilmsRepository - finding film in db
2026-04-14 20:53:00.824 INFO  [main] conector.JpaFilmsRepository - finding film in db
2026-04-14 20:53:00.825 INFO  [main] conector.JpaFilmsRepository - finding film in db
2026-04-14 20:53:00.826 INFO  [main] conector.JpaFilmsRepository - finding film in db
2026-04-14 20:53:00.827 INFO  [main] conector.JpaFilmsRepository - finding film in db
2026-04-14 20:53:00.827 INFO  [main] conector.JpaFilmsRepository - finding film in db
2026-04-14 20:53:00.828 INFO  [main] conector.JpaFilmsRepository - finding film in db
2026-04-14 20:53:00.828 INFO  [main] conector.JpaFilmsRepository - finding film in db
2026-04-14 20:53:00.829 INFO  [main] conector.JpaFilmsRepository - finding film in db
2026-04-14 20:53:00.830 INFO  [main] conector.JpaFilmsRepository - finding film in db
2026-04-14 20:53:00.830 INFO  [main] conector.JpaFilmsRepository - finding film in db
2026-04-14 20:53:00.831 INFO  [main] conector.JpaFilmsRepository - finding film in db
2026-04-14 20:53:00.831 INFO  [main] conector.JpaFilmsRepository - finding film in db
2026-04-14 20:53:00.832 INFO  [main] conector.JpaFilmsRepository - finding film in db
2026-04-14 20:53:00.833 INFO  [main] conector.JpaFilmsRepository - finding film in db
2026-04-14 20:53:00.834 INFO  [main] conector.JpaFilmsRepository - finding film in db
2026-04-14 20:53:00.835 INFO  [main] conector.JpaFilmsRepository - finding film in db
2026-04-14 20:53:00.835 INFO  [main] conector.JpaFilmsRepository - finding film in db
2026-04-14 20:53:00.836 INFO  [main] conector.JpaFilmsRepository - finding film in db
2026-04-14 20:53:00.837 INFO  [main] conector.JpaFilmsRepository - finding film in db
2026-04-14 20:53:00.838 INFO  [main] conector.JpaFilmsRepository - finding film in db
2026-04-14 20:53:00.838 INFO  [main] conector.JpaFilmsRepository - finding film in db
2026-04-14 20:53:00.839 INFO  [main] conector.JpaFilmsRepository - finding film in db
2026-04-14 20:53:00.840 INFO  [main] conector.JpaFilmsRepository - finding film in db
2026-04-14 20:53:00.840 INFO  [main] conector.JpaFilmsRepository - finding film in db
2026-04-14 20:53:00.841 INFO  [main] conector.JpaFilmsRepository - finding film in db
2026-04-14 20:53:00.841 INFO  [main] conector.JpaFilmsRepository - finding film in db
2026-04-14 20:53:00.842 INFO  [main] conector.JpaFilmsRepository - finding film in db
2026-04-14 20:53:00.842 INFO  [main] conector.JpaFilmsRepository - finding film in db
2026-04-14 20:53:00.843 INFO  [main] conector.JpaFilmsRepository - finding film in db
2026-04-14 20:53:00.844 INFO  [main] conector.JpaFilmsRepository - finding film in db
2026-04-14 20:53:00.844 INFO  [main] conector.JpaFilmsRepository - finding film in db
2026-04-14 20:53:00.845 INFO  [main] conector.JpaFilmsRepository - finding film in db
2026-04-14 20:53:00.845 INFO  [main] conector.JpaFilmsRepository - finding film in db
2026-04-14 20:53:00.846 INFO  [main] conector.JpaFilmsRepository - finding film in db
2026-04-14 20:53:00.847 INFO  [main] conector.JpaFilmsRepository - finding film in db
2026-04-14 20:53:00.847 INFO  [main] conector.JpaFilmsRepository - finding film in db
2026-04-14 20:53:00.848 INFO  [main] conector.JpaFilmsRepository - finding film in db
2026-04-14 20:56:02.321 INFO  [main] o.h.jpa.internal.util.LogHelper - HHH000204: Processing PersistenceUnitInfo [name: my-persistence-unit]
2026-04-14 20:56:02.363 INFO  [main] org.hibernate.Version - HHH000412: Hibernate ORM core version 6.6.13.Final
2026-04-14 20:56:02.387 INFO  [main] o.h.c.i.RegionFactoryInitiator - HHH000026: Second-level cache disabled
2026-04-14 20:56:02.520 WARN  [main] o.hibernate.orm.connections.pooling - HHH10001002: Using built-in connection pool (not intended for production use)
2026-04-14 20:56:02.705 INFO  [main] o.hibernate.orm.connections.pooling - HHH10001005: Database info:
	Database JDBC URL [jdbc:sqlite:users.db]
	Database driver: org.sqlite.JDBC
	Database version: 3.49.1
	Autocommit mode: false
	Isolation level: undefined/unknown
	Minimum pool size: 1
	Maximum pool size: 20
2026-04-14 20:56:03.458 INFO  [main] o.h.e.t.j.p.i.JtaPlatformInitiator - HHH000489: No JTA platform available (set 'hibernate.transaction.jta.platform' to enable JTA platform integration)
2026-04-14 20:56:03.473 INFO  [main] o.hibernate.orm.connections.access - HHH10001501: Connection obtained from JdbcConnectionAccess [org.hibernate.engine.jdbc.env.internal.JdbcEnvironmentInitiator$ConnectionProviderJdbcConnectionAccess@4a864d4d] for (non-JTA) DDL execution was not in auto-commit mode; the Connection 'local transaction' will be committed and the Connection will be set into auto-commit mode.
2026-04-14 20:56:05.023 INFO  [main] conector.JpaFilmsRepository - finding film in db
2026-04-14 20:56:05.041 INFO  [main] conector.JpaFilmsRepository - finding film in db
2026-04-14 20:56:05.042 INFO  [main] conector.JpaFilmsRepository - finding film in db
2026-04-14 20:56:05.044 INFO  [main] conector.JpaFilmsRepository - finding film in db
2026-04-14 20:56:05.044 INFO  [main] conector.JpaFilmsRepository - finding film in db
2026-04-14 20:56:05.045 INFO  [main] conector.JpaFilmsRepository - finding film in db
2026-04-14 20:56:05.046 INFO  [main] conector.JpaFilmsRepository - finding film in db
2026-04-14 20:56:05.047 INFO  [main] conector.JpaFilmsRepository - finding film in db
2026-04-14 20:56:05.048 INFO  [main] conector.JpaFilmsRepository - finding film in db
2026-04-14 20:56:05.049 INFO  [main] conector.JpaFilmsRepository - finding film in db
2026-04-14 20:56:05.050 INFO  [main] conector.JpaFilmsRepository - finding film in db
2026-04-14 20:56:05.051 INFO  [main] conector.JpaFilmsRepository - finding film in db
2026-04-14 20:56:05.051 INFO  [main] conector.JpaFilmsRepository - finding film in db
2026-04-14 20:56:05.052 INFO  [main] conector.JpaFilmsRepository - finding film in db
2026-04-14 20:56:05.053 INFO  [main] conector.JpaFilmsRepository - finding film in db
2026-04-14 20:56:05.053 INFO  [main] conector.JpaFilmsRepository - finding film in db
2026-04-14 20:56:05.054 INFO  [main] conector.JpaFilmsRepository - finding film in db
2026-04-14 20:56:05.055 INFO  [main] conector.JpaFilmsRepository - finding film in db
2026-04-14 20:56:05.055 INFO  [main] conector.JpaFilmsRepository - finding film in db
2026-04-14 20:56:05.056 INFO  [main] conector.JpaFilmsRepository - finding film in db
2026-04-14 20:56:05.057 INFO  [main] conector.JpaFilmsRepository - finding film in db
2026-04-14 20:56:05.057 INFO  [main] conector.JpaFilmsRepository - finding film in db
2026-04-14 20:56:05.058 INFO  [main] conector.JpaFilmsRepository - finding film in db
2026-04-14 20:56:05.059 INFO  [main] conector.JpaFilmsRepository - finding film in db
2026-04-14 20:56:05.060 INFO  [main] conector.JpaFilmsRepository - finding film in db
2026-04-14 20:56:05.060 INFO  [main] conector.JpaFilmsRepository - finding film in db
2026-04-14 20:56:05.061 INFO  [main] conector.JpaFilmsRepository - finding film in db
2026-04-14 20:56:05.062 INFO  [main] conector.JpaFilmsRepository - finding film in db
2026-04-14 20:56:05.062 INFO  [main] conector.JpaFilmsRepository - finding film in db
2026-04-14 20:56:05.063 INFO  [main] conector.JpaFilmsRepository - finding film in db
2026-04-14 20:56:05.064 INFO  [main] conector.JpaFilmsRepository - finding film in db
2026-04-14 20:56:05.065 INFO  [main] conector.JpaFilmsRepository - finding film in db
2026-04-14 20:56:05.066 INFO  [main] conector.JpaFilmsRepository - finding film in db
2026-04-14 20:56:05.067 INFO  [main] conector.JpaFilmsRepository - finding film in db
2026-04-14 20:56:05.067 INFO  [main] conector.JpaFilmsRepository - finding film in db
2026-04-14 20:56:05.068 INFO  [main] conector.JpaFilmsRepository - finding film in db
2026-04-14 20:56:05.068 INFO  [main] conector.JpaFilmsRepository - finding film in db
2026-04-14 20:56:05.069 INFO  [main] conector.JpaFilmsRepository - finding film in db
2026-04-14 20:56:05.070 INFO  [main] conector.JpaFilmsRepository - finding film in db
2026-04-14 20:56:05.070 INFO  [main] conector.JpaFilmsRepository - finding film in db
2026-04-14 20:56:05.071 INFO  [main] conector.JpaFilmsRepository - finding film in db
