2026-04-07 20:49:23.817 DEBUG [main] org.hibernate.SQL - 
    create table films (
        id bigint not null,
        originalTitle varchar(255) not null,
        review integer not null,
        userId bigint not null,
        primary key (id)
    )
2026-04-07 20:49:24.050 DEBUG [main] org.hibernate.SQL - 
    create table users (
        id bigint not null,
        chatId bigint not null,
        name varchar(255) not null,
        userTgId bigint not null,
        primary key (id)
    )
2026-04-07 20:50:24.514 DEBUG [main] org.hibernate.SQL - 
    insert 
    into
        users
        (chatId, name, userTgId, id) 
    values
        (?, ?, ?, ?)
2026-04-07 20:50:24.517 TRACE [main] org.hibernate.orm.jdbc.bind - binding parameter (1:BIGINT) <- [123456]
2026-04-07 20:50:24.519 TRACE [main] org.hibernate.orm.jdbc.bind - binding parameter (2:VARCHAR) <- [TestUser]
2026-04-07 20:50:24.519 TRACE [main] org.hibernate.orm.jdbc.bind - binding parameter (3:BIGINT) <- [123456]
2026-04-07 20:50:24.519 TRACE [main] org.hibernate.orm.jdbc.bind - binding parameter (4:BIGINT) <- [1]
2026-04-07 20:50:25.019 DEBUG [main] org.hibernate.SQL - 
    select
        ue1_0.id,
        ue1_0.chatId,
        ue1_0.name,
        ue1_0.userTgId 
    from
        users ue1_0 
    where
        ue1_0.userTgId=?
2026-04-07 20:50:25.020 TRACE [main] org.hibernate.orm.jdbc.bind - binding parameter (1:BIGINT) <- [123456]
2026-04-07 20:50:25.036 DEBUG [main] org.hibernate.SQL - 
    insert 
    into
        films
        (originalTitle, review, userId, id) 
    values
        (?, ?, ?, ?)
2026-04-07 20:50:25.036 TRACE [main] org.hibernate.orm.jdbc.bind - binding parameter (1:VARCHAR) <- [Inception]
2026-04-07 20:50:25.036 TRACE [main] org.hibernate.orm.jdbc.bind - binding parameter (2:INTEGER) <- [9]
2026-04-07 20:50:25.036 TRACE [main] org.hibernate.orm.jdbc.bind - binding parameter (3:BIGINT) <- [123456]
2026-04-07 20:50:25.036 TRACE [main] org.hibernate.orm.jdbc.bind - binding parameter (4:BIGINT) <- [1]
