2026-04-21 19:17:16.142 DEBUG [BestMovie4you_bot Telegram Executor] org.hibernate.SQL - 
    select
        fe1_0.id,
        fe1_0.originalTitle,
        fe1_0.review,
        fe1_0.userId 
    from
        films fe1_0 
    where
        fe1_0.userId=? 
        and fe1_0.originalTitle=?
2026-04-21 19:17:16.146 TRACE [BestMovie4you_bot Telegram Executor] org.hibernate.orm.jdbc.bind - binding parameter (1:BIGINT) <- [1364198563]
2026-04-21 19:17:16.146 TRACE [BestMovie4you_bot Telegram Executor] org.hibernate.orm.jdbc.bind - binding parameter (2:VARCHAR) <- [Spider-Man: No Way Home]
2026-04-21 19:17:16.187 DEBUG [BestMovie4you_bot Telegram Executor] org.hibernate.SQL - 
    select
        fe1_0.id,
        fe1_0.originalTitle,
        fe1_0.review,
        fe1_0.userId 
    from
        films fe1_0 
    where
        fe1_0.originalTitle=?
2026-04-21 19:17:16.325 TRACE [BestMovie4you_bot Telegram Executor] org.hibernate.orm.jdbc.bind - binding parameter (1:VARCHAR) <- [Spider-Man: No Way Home]
2026-04-21 19:17:16.327 DEBUG [BestMovie4you_bot Telegram Executor] org.hibernate.SQL - 
    select
        fe1_0.id,
        fe1_0.originalTitle,
        fe1_0.review,
        fe1_0.userId 
    from
        films fe1_0 
    where
        fe1_0.userId=? 
        and fe1_0.originalTitle=?
2026-04-21 19:17:16.328 TRACE [BestMovie4you_bot Telegram Executor] org.hibernate.orm.jdbc.bind - binding parameter (1:BIGINT) <- [1364198563]
2026-04-21 19:17:16.328 TRACE [BestMovie4you_bot Telegram Executor] org.hibernate.orm.jdbc.bind - binding parameter (2:VARCHAR) <- [The Avengers]
2026-04-21 19:17:16.328 DEBUG [BestMovie4you_bot Telegram Executor] org.hibernate.SQL - 
    select
        fe1_0.id,
        fe1_0.originalTitle,
        fe1_0.review,
        fe1_0.userId 
    from
        films fe1_0 
    where
        fe1_0.originalTitle=?
2026-04-21 19:17:16.328 TRACE [BestMovie4you_bot Telegram Executor] org.hibernate.orm.jdbc.bind - binding parameter (1:VARCHAR) <- [The Avengers]
2026-04-21 19:17:16.329 DEBUG [BestMovie4you_bot Telegram Executor] org.hibernate.SQL - 
    select
        fe1_0.id,
        fe1_0.originalTitle,
        fe1_0.review,
        fe1_0.userId 
    from
        films fe1_0 
    where
        fe1_0.userId=? 
        and fe1_0.originalTitle=?
2026-04-21 19:17:16.329 TRACE [BestMovie4you_bot Telegram Executor] org.hibernate.orm.jdbc.bind - binding parameter (1:BIGINT) <- [1364198563]
2026-04-21 19:17:16.329 TRACE [BestMovie4you_bot Telegram Executor] org.hibernate.orm.jdbc.bind - binding parameter (2:VARCHAR) <- [Predator: Badlands]
2026-04-21 19:17:16.329 DEBUG [BestMovie4you_bot Telegram Executor] org.hibernate.SQL - 
    select
        fe1_0.id,
        fe1_0.originalTitle,
        fe1_0.review,
        fe1_0.userId 
    from
        films fe1_0 
    where
        fe1_0.originalTitle=?
2026-04-21 19:17:16.329 TRACE [BestMovie4you_bot Telegram Executor] org.hibernate.orm.jdbc.bind - binding parameter (1:VARCHAR) <- [Predator: Badlands]
2026-04-21 19:17:16.330 DEBUG [BestMovie4you_bot Telegram Executor] org.hibernate.SQL - 
    select
        fe1_0.id,
        fe1_0.originalTitle,
        fe1_0.review,
        fe1_0.userId 
    from
        films fe1_0 
    where
        fe1_0.userId=? 
        and fe1_0.originalTitle=?
2026-04-21 19:17:16.330 TRACE [BestMovie4you_bot Telegram Executor] org.hibernate.orm.jdbc.bind - binding parameter (1:BIGINT) <- [1364198563]
2026-04-21 19:17:16.330 TRACE [BestMovie4you_bot Telegram Executor] org.hibernate.orm.jdbc.bind - binding parameter (2:VARCHAR) <- [Avengers: Infinity War]
2026-04-21 19:17:16.331 DEBUG [BestMovie4you_bot Telegram Executor] org.hibernate.SQL - 
    select
        fe1_0.id,
        fe1_0.originalTitle,
        fe1_0.review,
        fe1_0.userId 
    from
        films fe1_0 
    where
        fe1_0.originalTitle=?
2026-04-21 19:17:16.331 TRACE [BestMovie4you_bot Telegram Executor] org.hibernate.orm.jdbc.bind - binding parameter (1:VARCHAR) <- [Avengers: Infinity War]
2026-04-21 19:25:46.592 DEBUG [BestMovie4you_bot Telegram Executor] org.hibernate.SQL - 
    select
        ue1_0.id,
        ue1_0.chatId,
        ue1_0.name,
        ue1_0.userTgId 
    from
        users ue1_0 
    where
        ue1_0.userTgId=?
2026-04-21 19:25:46.595 TRACE [BestMovie4you_bot Telegram Executor] org.hibernate.orm.jdbc.bind - binding parameter (1:BIGINT) <- [1364198563]
2026-04-21 19:25:48.622 DEBUG [BestMovie4you_bot Telegram Executor] org.hibernate.SQL - 
    select
        ue1_0.id,
        ue1_0.chatId,
        ue1_0.name,
        ue1_0.userTgId 
    from
        users ue1_0 
    where
        ue1_0.userTgId=?
2026-04-21 19:25:48.622 TRACE [BestMovie4you_bot Telegram Executor] org.hibernate.orm.jdbc.bind - binding parameter (1:BIGINT) <- [1364198563]
2026-04-21 19:25:49.023 DEBUG [BestMovie4you_bot Telegram Executor] org.hibernate.SQL - 
    select
        ue1_0.id,
        ue1_0.chatId,
        ue1_0.name,
        ue1_0.userTgId 
    from
        users ue1_0 
    where
        ue1_0.userTgId=?
2026-04-21 19:25:49.023 TRACE [BestMovie4you_bot Telegram Executor] org.hibernate.orm.jdbc.bind - binding parameter (1:BIGINT) <- [1364198563]
2026-04-21 19:25:49.321 DEBUG [BestMovie4you_bot Telegram Executor] org.hibernate.SQL - 
    select
        ue1_0.id,
        ue1_0.chatId,
        ue1_0.name,
        ue1_0.userTgId 
    from
        users ue1_0 
    where
        ue1_0.userTgId=?
2026-04-21 19:25:49.321 TRACE [BestMovie4you_bot Telegram Executor] org.hibernate.orm.jdbc.bind - binding parameter (1:BIGINT) <- [1364198563]
2026-04-21 19:25:49.913 DEBUG [BestMovie4you_bot Telegram Executor] org.hibernate.SQL - 
    select
        ue1_0.id,
        ue1_0.chatId,
        ue1_0.name,
        ue1_0.userTgId 
    from
        users ue1_0 
    where
        ue1_0.userTgId=?
2026-04-21 19:25:49.913 TRACE [BestMovie4you_bot Telegram Executor] org.hibernate.orm.jdbc.bind - binding parameter (1:BIGINT) <- [1364198563]
2026-04-21 19:25:50.288 DEBUG [BestMovie4you_bot Telegram Executor] org.hibernate.SQL - 
    select
        ue1_0.id,
        ue1_0.chatId,
        ue1_0.name,
        ue1_0.userTgId 
    from
        users ue1_0 
    where
        ue1_0.userTgId=?
2026-04-21 19:25:50.289 TRACE [BestMovie4you_bot Telegram Executor] org.hibernate.orm.jdbc.bind - binding parameter (1:BIGINT) <- [1364198563]
2026-04-21 19:25:50.902 DEBUG [BestMovie4you_bot Telegram Executor] org.hibernate.SQL - 
    select
        ue1_0.id,
        ue1_0.chatId,
        ue1_0.name,
        ue1_0.userTgId 
    from
        users ue1_0 
    where
        ue1_0.userTgId=?
2026-04-21 19:25:50.902 TRACE [BestMovie4you_bot Telegram Executor] org.hibernate.orm.jdbc.bind - binding parameter (1:BIGINT) <- [1364198563]
2026-04-21 19:25:51.076 DEBUG [BestMovie4you_bot Telegram Executor] org.hibernate.SQL - 
    select
        ue1_0.id,
        ue1_0.chatId,
        ue1_0.name,
        ue1_0.userTgId 
    from
        users ue1_0 
    where
        ue1_0.userTgId=?
2026-04-21 19:25:51.076 TRACE [BestMovie4you_bot Telegram Executor] org.hibernate.orm.jdbc.bind - binding parameter (1:BIGINT) <- [1364198563]
2026-04-21 19:25:52.051 DEBUG [BestMovie4you_bot Telegram Executor] org.hibernate.SQL - 
    select
        ue1_0.id,
        ue1_0.chatId,
        ue1_0.name,
        ue1_0.userTgId 
    from
        users ue1_0 
    where
        ue1_0.userTgId=?
2026-04-21 19:25:52.052 TRACE [BestMovie4you_bot Telegram Executor] org.hibernate.orm.jdbc.bind - binding parameter (1:BIGINT) <- [1364198563]
2026-04-21 19:25:58.370 DEBUG [BestMovie4you_bot Telegram Executor] org.hibernate.SQL - 
    select
        ue1_0.id,
        ue1_0.chatId,
        ue1_0.name,
        ue1_0.userTgId 
    from
        users ue1_0 
    where
        ue1_0.userTgId=?
2026-04-21 19:25:58.370 TRACE [BestMovie4you_bot Telegram Executor] org.hibernate.orm.jdbc.bind - binding parameter (1:BIGINT) <- [1364198563]
2026-04-21 19:25:59.413 DEBUG [BestMovie4you_bot Telegram Executor] org.hibernate.SQL - 
    select
        ue1_0.id,
        ue1_0.chatId,
        ue1_0.name,
        ue1_0.userTgId 
    from
        users ue1_0 
    where
        ue1_0.userTgId=?
2026-04-21 19:25:59.415 TRACE [BestMovie4you_bot Telegram Executor] org.hibernate.orm.jdbc.bind - binding parameter (1:BIGINT) <- [1364198563]
2026-04-21 19:25:59.622 DEBUG [BestMovie4you_bot Telegram Executor] org.hibernate.SQL - 
    select
        ue1_0.id,
        ue1_0.chatId,
        ue1_0.name,
        ue1_0.userTgId 
    from
        users ue1_0 
    where
        ue1_0.userTgId=?
2026-04-21 19:25:59.622 TRACE [BestMovie4you_bot Telegram Executor] org.hibernate.orm.jdbc.bind - binding parameter (1:BIGINT) <- [1364198563]
2026-04-21 19:25:59.960 DEBUG [BestMovie4you_bot Telegram Executor] org.hibernate.SQL - 
    select
        ue1_0.id,
        ue1_0.chatId,
        ue1_0.name,
        ue1_0.userTgId 
    from
        users ue1_0 
    where
        ue1_0.userTgId=?
2026-04-21 19:25:59.960 TRACE [BestMovie4you_bot Telegram Executor] org.hibernate.orm.jdbc.bind - binding parameter (1:BIGINT) <- [1364198563]
2026-04-21 19:26:00.258 DEBUG [BestMovie4you_bot Telegram Executor] org.hibernate.SQL - 
    select
        ue1_0.id,
        ue1_0.chatId,
        ue1_0.name,
        ue1_0.userTgId 
    from
        users ue1_0 
    where
        ue1_0.userTgId=?
2026-04-21 19:26:00.258 TRACE [BestMovie4you_bot Telegram Executor] org.hibernate.orm.jdbc.bind - binding parameter (1:BIGINT) <- [1364198563]
2026-04-21 19:26:04.980 DEBUG [BestMovie4you_bot Telegram Executor] org.hibernate.SQL - 
    select
        ue1_0.id,
        ue1_0.chatId,
        ue1_0.name,
        ue1_0.userTgId 
    from
        users ue1_0 
    where
        ue1_0.userTgId=?
2026-04-21 19:26:04.981 TRACE [BestMovie4you_bot Telegram Executor] org.hibernate.orm.jdbc.bind - binding parameter (1:BIGINT) <- [1364198563]
2026-04-21 19:38:31.651 DEBUG [BestMovie4you_bot Telegram Executor] org.hibernate.SQL - 
    select
        ue1_0.id,
        ue1_0.chatId,
        ue1_0.name,
        ue1_0.userTgId 
    from
        users ue1_0 
    where
        ue1_0.userTgId=?
2026-04-21 19:38:31.653 TRACE [BestMovie4you_bot Telegram Executor] org.hibernate.orm.jdbc.bind - binding parameter (1:BIGINT) <- [1364198563]
2026-04-21 19:38:38.147 DEBUG [BestMovie4you_bot Telegram Executor] org.hibernate.SQL - 
    select
        ue1_0.id,
        ue1_0.chatId,
        ue1_0.name,
        ue1_0.userTgId 
    from
        users ue1_0 
    where
        ue1_0.userTgId=?
2026-04-21 19:38:38.147 TRACE [BestMovie4you_bot Telegram Executor] org.hibernate.orm.jdbc.bind - binding parameter (1:BIGINT) <- [1364198563]
2026-04-21 19:38:41.674 DEBUG [BestMovie4you_bot Telegram Executor] org.hibernate.SQL - 
    select
        ue1_0.id,
        ue1_0.chatId,
        ue1_0.name,
        ue1_0.userTgId 
    from
        users ue1_0 
    where
        ue1_0.userTgId=?
2026-04-21 19:38:41.674 TRACE [BestMovie4you_bot Telegram Executor] org.hibernate.orm.jdbc.bind - binding parameter (1:BIGINT) <- [1364198563]
2026-04-21 19:38:42.158 DEBUG [BestMovie4you_bot Telegram Executor] org.hibernate.SQL - 
    select
        ue1_0.id,
        ue1_0.chatId,
        ue1_0.name,
        ue1_0.userTgId 
    from
        users ue1_0 
    where
        ue1_0.userTgId=?
2026-04-21 19:38:42.158 TRACE [BestMovie4you_bot Telegram Executor] org.hibernate.orm.jdbc.bind - binding parameter (1:BIGINT) <- [1364198563]
2026-04-21 19:38:42.577 DEBUG [BestMovie4you_bot Telegram Executor] org.hibernate.SQL - 
    select
        ue1_0.id,
        ue1_0.chatId,
        ue1_0.name,
        ue1_0.userTgId 
    from
        users ue1_0 
    where
        ue1_0.userTgId=?
2026-04-21 19:38:42.577 TRACE [BestMovie4you_bot Telegram Executor] org.hibernate.orm.jdbc.bind - binding parameter (1:BIGINT) <- [1364198563]
2026-04-21 19:38:42.917 DEBUG [BestMovie4you_bot Telegram Executor] org.hibernate.SQL - 
    select
        ue1_0.id,
        ue1_0.chatId,
        ue1_0.name,
        ue1_0.userTgId 
    from
        users ue1_0 
    where
        ue1_0.userTgId=?
2026-04-21 19:38:42.917 TRACE [BestMovie4you_bot Telegram Executor] org.hibernate.orm.jdbc.bind - binding parameter (1:BIGINT) <- [1364198563]
2026-04-21 19:38:44.687 DEBUG [BestMovie4you_bot Telegram Executor] org.hibernate.SQL - 
    select
        ue1_0.id,
        ue1_0.chatId,
        ue1_0.name,
        ue1_0.userTgId 
    from
        users ue1_0 
    where
        ue1_0.userTgId=?
2026-04-21 19:38:44.687 TRACE [BestMovie4you_bot Telegram Executor] org.hibernate.orm.jdbc.bind - binding parameter (1:BIGINT) <- [1364198563]
2026-04-21 19:38:44.944 DEBUG [BestMovie4you_bot Telegram Executor] org.hibernate.SQL - 
    select
        ue1_0.id,
        ue1_0.chatId,
        ue1_0.name,
        ue1_0.userTgId 
    from
        users ue1_0 
    where
        ue1_0.userTgId=?
2026-04-21 19:38:44.944 TRACE [BestMovie4you_bot Telegram Executor] org.hibernate.orm.jdbc.bind - binding parameter (1:BIGINT) <- [1364198563]
2026-04-21 19:38:45.181 DEBUG [BestMovie4you_bot Telegram Executor] org.hibernate.SQL - 
    select
        ue1_0.id,
        ue1_0.chatId,
        ue1_0.name,
        ue1_0.userTgId 
    from
        users ue1_0 
    where
        ue1_0.userTgId=?
2026-04-21 19:38:45.182 TRACE [BestMovie4you_bot Telegram Executor] org.hibernate.orm.jdbc.bind - binding parameter (1:BIGINT) <- [1364198563]
2026-04-21 19:38:45.496 DEBUG [BestMovie4you_bot Telegram Executor] org.hibernate.SQL - 
    select
        ue1_0.id,
        ue1_0.chatId,
        ue1_0.name,
        ue1_0.userTgId 
    from
        users ue1_0 
    where
        ue1_0.userTgId=?
2026-04-21 19:38:45.497 TRACE [BestMovie4you_bot Telegram Executor] org.hibernate.orm.jdbc.bind - binding parameter (1:BIGINT) <- [1364198563]
2026-04-21 19:38:45.766 DEBUG [BestMovie4you_bot Telegram Executor] org.hibernate.SQL - 
    select
        ue1_0.id,
        ue1_0.chatId,
        ue1_0.name,
        ue1_0.userTgId 
    from
        users ue1_0 
    where
        ue1_0.userTgId=?
2026-04-21 19:38:45.767 TRACE [BestMovie4you_bot Telegram Executor] org.hibernate.orm.jdbc.bind - binding parameter (1:BIGINT) <- [1364198563]
2026-04-21 19:38:50.649 DEBUG [BestMovie4you_bot Telegram Executor] org.hibernate.SQL - 
    select
        ue1_0.id,
        ue1_0.chatId,
        ue1_0.name,
        ue1_0.userTgId 
    from
        users ue1_0 
    where
        ue1_0.userTgId=?
2026-04-21 19:38:50.649 TRACE [BestMovie4you_bot Telegram Executor] org.hibernate.orm.jdbc.bind - binding parameter (1:BIGINT) <- [1364198563]
2026-04-21 19:38:50.854 DEBUG [BestMovie4you_bot Telegram Executor] org.hibernate.SQL - 
    select
        ue1_0.id,
        ue1_0.chatId,
        ue1_0.name,
        ue1_0.userTgId 
    from
        users ue1_0 
    where
        ue1_0.userTgId=?
2026-04-21 19:38:50.854 TRACE [BestMovie4you_bot Telegram Executor] org.hibernate.orm.jdbc.bind - binding parameter (1:BIGINT) <- [1364198563]
2026-04-21 19:38:51.149 DEBUG [BestMovie4you_bot Telegram Executor] org.hibernate.SQL - 
    select
        ue1_0.id,
        ue1_0.chatId,
        ue1_0.name,
        ue1_0.userTgId 
    from
        users ue1_0 
    where
        ue1_0.userTgId=?
2026-04-21 19:38:51.149 TRACE [BestMovie4you_bot Telegram Executor] org.hibernate.orm.jdbc.bind - binding parameter (1:BIGINT) <- [1364198563]
2026-04-21 19:38:51.316 DEBUG [BestMovie4you_bot Telegram Executor] org.hibernate.SQL - 
    select
        ue1_0.id,
        ue1_0.chatId,
        ue1_0.name,
        ue1_0.userTgId 
    from
        users ue1_0 
    where
        ue1_0.userTgId=?
2026-04-21 19:38:51.316 TRACE [BestMovie4you_bot Telegram Executor] org.hibernate.orm.jdbc.bind - binding parameter (1:BIGINT) <- [1364198563]
2026-04-21 19:38:51.511 DEBUG [BestMovie4you_bot Telegram Executor] org.hibernate.SQL - 
    select
        ue1_0.id,
        ue1_0.chatId,
        ue1_0.name,
        ue1_0.userTgId 
    from
        users ue1_0 
    where
        ue1_0.userTgId=?
2026-04-21 19:38:51.512 TRACE [BestMovie4you_bot Telegram Executor] org.hibernate.orm.jdbc.bind - binding parameter (1:BIGINT) <- [1364198563]
2026-04-21 19:38:59.049 DEBUG [BestMovie4you_bot Telegram Executor] org.hibernate.SQL - 
    select
        ue1_0.id,
        ue1_0.chatId,
        ue1_0.name,
        ue1_0.userTgId 
    from
        users ue1_0 
    where
        ue1_0.userTgId=?
2026-04-21 19:38:59.049 TRACE [BestMovie4you_bot Telegram Executor] org.hibernate.orm.jdbc.bind - binding parameter (1:BIGINT) <- [1364198563]
2026-04-21 19:38:59.757 DEBUG [BestMovie4you_bot Telegram Executor] org.hibernate.SQL - 
    select
        ue1_0.id,
        ue1_0.chatId,
        ue1_0.name,
        ue1_0.userTgId 
    from
        users ue1_0 
    where
        ue1_0.userTgId=?
2026-04-21 19:38:59.758 TRACE [BestMovie4you_bot Telegram Executor] org.hibernate.orm.jdbc.bind - binding parameter (1:BIGINT) <- [1364198563]
2026-04-21 19:38:59.908 DEBUG [BestMovie4you_bot Telegram Executor] org.hibernate.SQL - 
    select
        ue1_0.id,
        ue1_0.chatId,
        ue1_0.name,
        ue1_0.userTgId 
    from
        users ue1_0 
    where
        ue1_0.userTgId=?
2026-04-21 19:38:59.909 TRACE [BestMovie4you_bot Telegram Executor] org.hibernate.orm.jdbc.bind - binding parameter (1:BIGINT) <- [1364198563]
2026-04-21 19:44:34.119 DEBUG [BestMovie4you_bot Telegram Executor] org.hibernate.SQL - 
    select
        ue1_0.id,
        ue1_0.chatId,
        ue1_0.name,
        ue1_0.userTgId 
    from
        users ue1_0 
    where
        ue1_0.userTgId=?
2026-04-21 19:44:34.122 TRACE [BestMovie4you_bot Telegram Executor] org.hibernate.orm.jdbc.bind - binding parameter (1:BIGINT) <- [1364198563]
2026-04-21 19:44:34.144 DEBUG [BestMovie4you_bot Telegram Executor] org.hibernate.SQL - 
    insert 
    into
        films
        (originalTitle, review, userId) 
    values
        (?, ?, ?)
2026-04-21 19:44:34.146 TRACE [BestMovie4you_bot Telegram Executor] org.hibernate.orm.jdbc.bind - binding parameter (1:VARCHAR) <- [Lee Cronin's The Mummy]
2026-04-21 19:44:34.146 TRACE [BestMovie4you_bot Telegram Executor] org.hibernate.orm.jdbc.bind - binding parameter (2:INTEGER) <- [1]
2026-04-21 19:44:34.146 TRACE [BestMovie4you_bot Telegram Executor] org.hibernate.orm.jdbc.bind - binding parameter (3:BIGINT) <- [-1]
2026-04-21 19:44:34.149 DEBUG [BestMovie4you_bot Telegram Executor] org.hibernate.SQL - 
    select
        last_insert_rowid()
2026-04-21 19:58:50.957 DEBUG [BestMovie4you_bot Telegram Executor] org.hibernate.SQL - 
    select
        ue1_0.id,
        ue1_0.chatId,
        ue1_0.name,
        ue1_0.userTgId 
    from
        users ue1_0 
    where
        ue1_0.userTgId=?
2026-04-21 19:58:50.959 TRACE [BestMovie4you_bot Telegram Executor] org.hibernate.orm.jdbc.bind - binding parameter (1:BIGINT) <- [1364198563]
2026-04-21 19:58:50.987 DEBUG [BestMovie4you_bot Telegram Executor] org.hibernate.SQL - 
    select
        ue1_0.id,
        ue1_0.chatId,
        ue1_0.name,
        ue1_0.userTgId 
    from
        users ue1_0 
    where
        ue1_0.userTgId=?
2026-04-21 19:58:50.987 TRACE [BestMovie4you_bot Telegram Executor] org.hibernate.orm.jdbc.bind - binding parameter (1:BIGINT) <- [1364198563]
2026-04-21 19:58:52.310 DEBUG [BestMovie4you_bot Telegram Executor] org.hibernate.SQL - 
    select
        ue1_0.id,
        ue1_0.chatId,
        ue1_0.name,
        ue1_0.userTgId 
    from
        users ue1_0 
    where
        ue1_0.userTgId=?
2026-04-21 19:58:52.311 TRACE [BestMovie4you_bot Telegram Executor] org.hibernate.orm.jdbc.bind - binding parameter (1:BIGINT) <- [1364198563]
2026-04-21 19:58:52.779 DEBUG [BestMovie4you_bot Telegram Executor] org.hibernate.SQL - 
    select
        ue1_0.id,
        ue1_0.chatId,
        ue1_0.name,
        ue1_0.userTgId 
    from
        users ue1_0 
    where
        ue1_0.userTgId=?
2026-04-21 19:58:52.780 TRACE [BestMovie4you_bot Telegram Executor] org.hibernate.orm.jdbc.bind - binding parameter (1:BIGINT) <- [1364198563]
2026-04-21 19:58:53.097 DEBUG [BestMovie4you_bot Telegram Executor] org.hibernate.SQL - 
    select
        ue1_0.id,
        ue1_0.chatId,
        ue1_0.name,
        ue1_0.userTgId 
    from
        users ue1_0 
    where
        ue1_0.userTgId=?
2026-04-21 19:58:53.097 TRACE [BestMovie4you_bot Telegram Executor] org.hibernate.orm.jdbc.bind - binding parameter (1:BIGINT) <- [1364198563]
2026-04-21 19:58:54.700 DEBUG [BestMovie4you_bot Telegram Executor] org.hibernate.SQL - 
    select
        ue1_0.id,
        ue1_0.chatId,
        ue1_0.name,
        ue1_0.userTgId 
    from
        users ue1_0 
    where
        ue1_0.userTgId=?
2026-04-21 19:58:54.700 TRACE [BestMovie4you_bot Telegram Executor] org.hibernate.orm.jdbc.bind - binding parameter (1:BIGINT) <- [1364198563]
2026-04-21 19:58:54.986 DEBUG [BestMovie4you_bot Telegram Executor] org.hibernate.SQL - 
    select
        ue1_0.id,
        ue1_0.chatId,
        ue1_0.name,
        ue1_0.userTgId 
    from
        users ue1_0 
    where
        ue1_0.userTgId=?
2026-04-21 19:58:54.986 TRACE [BestMovie4you_bot Telegram Executor] org.hibernate.orm.jdbc.bind - binding parameter (1:BIGINT) <- [1364198563]
2026-04-21 19:58:55.305 DEBUG [BestMovie4you_bot Telegram Executor] org.hibernate.SQL - 
    select
        ue1_0.id,
        ue1_0.chatId,
        ue1_0.name,
        ue1_0.userTgId 
    from
        users ue1_0 
    where
        ue1_0.userTgId=?
2026-04-21 19:58:55.306 TRACE [BestMovie4you_bot Telegram Executor] org.hibernate.orm.jdbc.bind - binding parameter (1:BIGINT) <- [1364198563]
2026-04-21 19:58:55.470 DEBUG [BestMovie4you_bot Telegram Executor] org.hibernate.SQL - 
    select
        ue1_0.id,
        ue1_0.chatId,
        ue1_0.name,
        ue1_0.userTgId 
    from
        users ue1_0 
    where
        ue1_0.userTgId=?
2026-04-21 19:58:55.470 TRACE [BestMovie4you_bot Telegram Executor] org.hibernate.orm.jdbc.bind - binding parameter (1:BIGINT) <- [1364198563]
2026-04-21 19:58:55.796 DEBUG [BestMovie4you_bot Telegram Executor] org.hibernate.SQL - 
    select
        ue1_0.id,
        ue1_0.chatId,
        ue1_0.name,
        ue1_0.userTgId 
    from
        users ue1_0 
    where
        ue1_0.userTgId=?
2026-04-21 19:58:55.797 TRACE [BestMovie4you_bot Telegram Executor] org.hibernate.orm.jdbc.bind - binding parameter (1:BIGINT) <- [1364198563]
2026-04-21 19:58:59.964 DEBUG [BestMovie4you_bot Telegram Executor] org.hibernate.SQL - 
    select
        ue1_0.id,
        ue1_0.chatId,
        ue1_0.name,
        ue1_0.userTgId 
    from
        users ue1_0 
    where
        ue1_0.userTgId=?
2026-04-21 19:58:59.964 TRACE [BestMovie4you_bot Telegram Executor] org.hibernate.orm.jdbc.bind - binding parameter (1:BIGINT) <- [1364198563]
2026-04-21 19:59:00.376 DEBUG [BestMovie4you_bot Telegram Executor] org.hibernate.SQL - 
    select
        ue1_0.id,
        ue1_0.chatId,
        ue1_0.name,
        ue1_0.userTgId 
    from
        users ue1_0 
    where
        ue1_0.userTgId=?
2026-04-21 19:59:00.376 TRACE [BestMovie4you_bot Telegram Executor] org.hibernate.orm.jdbc.bind - binding parameter (1:BIGINT) <- [1364198563]
2026-04-21 19:59:00.430 DEBUG [BestMovie4you_bot Telegram Executor] org.hibernate.SQL - 
    select
        ue1_0.id,
        ue1_0.chatId,
        ue1_0.name,
        ue1_0.userTgId 
    from
        users ue1_0 
    where
        ue1_0.userTgId=?
2026-04-21 19:59:00.430 TRACE [BestMovie4you_bot Telegram Executor] org.hibernate.orm.jdbc.bind - binding parameter (1:BIGINT) <- [1364198563]
2026-04-21 19:59:00.544 DEBUG [BestMovie4you_bot Telegram Executor] org.hibernate.SQL - 
    select
        ue1_0.id,
        ue1_0.chatId,
        ue1_0.name,
        ue1_0.userTgId 
    from
        users ue1_0 
    where
        ue1_0.userTgId=?
2026-04-21 19:59:00.544 TRACE [BestMovie4you_bot Telegram Executor] org.hibernate.orm.jdbc.bind - binding parameter (1:BIGINT) <- [1364198563]
2026-04-21 19:59:00.596 DEBUG [BestMovie4you_bot Telegram Executor] org.hibernate.SQL - 
    select
        ue1_0.id,
        ue1_0.chatId,
        ue1_0.name,
        ue1_0.userTgId 
    from
        users ue1_0 
    where
        ue1_0.userTgId=?
2026-04-21 19:59:00.597 TRACE [BestMovie4you_bot Telegram Executor] org.hibernate.orm.jdbc.bind - binding parameter (1:BIGINT) <- [1364198563]
2026-04-21 19:59:05.479 DEBUG [BestMovie4you_bot Telegram Executor] org.hibernate.SQL - 
    select
        ue1_0.id,
        ue1_0.chatId,
        ue1_0.name,
        ue1_0.userTgId 
    from
        users ue1_0 
    where
        ue1_0.userTgId=?
2026-04-21 19:59:05.479 TRACE [BestMovie4you_bot Telegram Executor] org.hibernate.orm.jdbc.bind - binding parameter (1:BIGINT) <- [1364198563]
2026-04-21 19:59:05.642 DEBUG [BestMovie4you_bot Telegram Executor] org.hibernate.SQL - 
    select
        ue1_0.id,
        ue1_0.chatId,
        ue1_0.name,
        ue1_0.userTgId 
    from
        users ue1_0 
    where
        ue1_0.userTgId=?
2026-04-21 19:59:05.642 TRACE [BestMovie4you_bot Telegram Executor] org.hibernate.orm.jdbc.bind - binding parameter (1:BIGINT) <- [1364198563]
2026-04-21 19:59:05.696 DEBUG [BestMovie4you_bot Telegram Executor] org.hibernate.SQL - 
    select
        ue1_0.id,
        ue1_0.chatId,
        ue1_0.name,
        ue1_0.userTgId 
    from
        users ue1_0 
    where
        ue1_0.userTgId=?
2026-04-21 19:59:05.696 TRACE [BestMovie4you_bot Telegram Executor] org.hibernate.orm.jdbc.bind - binding parameter (1:BIGINT) <- [1364198563]
2026-04-21 19:59:05.930 DEBUG [BestMovie4you_bot Telegram Executor] org.hibernate.SQL - 
    select
        ue1_0.id,
        ue1_0.chatId,
        ue1_0.name,
        ue1_0.userTgId 
    from
        users ue1_0 
    where
        ue1_0.userTgId=?
2026-04-21 19:59:05.930 TRACE [BestMovie4you_bot Telegram Executor] org.hibernate.orm.jdbc.bind - binding parameter (1:BIGINT) <- [1364198563]
2026-04-21 19:59:06.000 DEBUG [BestMovie4you_bot Telegram Executor] org.hibernate.SQL - 
    select
        ue1_0.id,
        ue1_0.chatId,
        ue1_0.name,
        ue1_0.userTgId 
    from
        users ue1_0 
    where
        ue1_0.userTgId=?
2026-04-21 19:59:06.001 TRACE [BestMovie4you_bot Telegram Executor] org.hibernate.orm.jdbc.bind - binding parameter (1:BIGINT) <- [1364198563]
2026-04-21 19:59:12.126 DEBUG [BestMovie4you_bot Telegram Executor] org.hibernate.SQL - 
    select
        ue1_0.id,
        ue1_0.chatId,
        ue1_0.name,
        ue1_0.userTgId 
    from
        users ue1_0 
    where
        ue1_0.userTgId=?
2026-04-21 19:59:12.127 TRACE [BestMovie4you_bot Telegram Executor] org.hibernate.orm.jdbc.bind - binding parameter (1:BIGINT) <- [1364198563]
2026-04-21 19:59:12.173 DEBUG [BestMovie4you_bot Telegram Executor] org.hibernate.SQL - 
    select
        ue1_0.id,
        ue1_0.chatId,
        ue1_0.name,
        ue1_0.userTgId 
    from
        users ue1_0 
    where
        ue1_0.userTgId=?
2026-04-21 19:59:12.173 TRACE [BestMovie4you_bot Telegram Executor] org.hibernate.orm.jdbc.bind - binding parameter (1:BIGINT) <- [1364198563]
2026-04-21 19:59:12.279 DEBUG [BestMovie4you_bot Telegram Executor] org.hibernate.SQL - 
    select
        ue1_0.id,
        ue1_0.chatId,
        ue1_0.name,
        ue1_0.userTgId 
    from
        users ue1_0 
    where
        ue1_0.userTgId=?
2026-04-21 19:59:12.279 TRACE [BestMovie4you_bot Telegram Executor] org.hibernate.orm.jdbc.bind - binding parameter (1:BIGINT) <- [1364198563]
2026-04-21 19:59:12.328 DEBUG [BestMovie4you_bot Telegram Executor] org.hibernate.SQL - 
    select
        ue1_0.id,
        ue1_0.chatId,
        ue1_0.name,
        ue1_0.userTgId 
    from
        users ue1_0 
    where
        ue1_0.userTgId=?
2026-04-21 19:59:12.328 TRACE [BestMovie4you_bot Telegram Executor] org.hibernate.orm.jdbc.bind - binding parameter (1:BIGINT) <- [1364198563]
2026-04-21 20:00:25.801 DEBUG [BestMovie4you_bot Telegram Executor] org.hibernate.SQL - 
    select
        ue1_0.id,
        ue1_0.chatId,
        ue1_0.name,
        ue1_0.userTgId 
    from
        users ue1_0 
    where
        ue1_0.userTgId=?
2026-04-21 20:00:25.803 TRACE [BestMovie4you_bot Telegram Executor] org.hibernate.orm.jdbc.bind - binding parameter (1:BIGINT) <- [1364198563]
2026-04-21 20:00:28.183 DEBUG [BestMovie4you_bot Telegram Executor] org.hibernate.SQL - 
    select
        ue1_0.id,
        ue1_0.chatId,
        ue1_0.name,
        ue1_0.userTgId 
    from
        users ue1_0 
    where
        ue1_0.userTgId=?
2026-04-21 20:00:28.183 TRACE [BestMovie4you_bot Telegram Executor] org.hibernate.orm.jdbc.bind - binding parameter (1:BIGINT) <- [1364198563]
2026-04-21 20:00:29.369 DEBUG [BestMovie4you_bot Telegram Executor] org.hibernate.SQL - 
    select
        ue1_0.id,
        ue1_0.chatId,
        ue1_0.name,
        ue1_0.userTgId 
    from
        users ue1_0 
    where
        ue1_0.userTgId=?
2026-04-21 20:00:29.370 TRACE [BestMovie4you_bot Telegram Executor] org.hibernate.orm.jdbc.bind - binding parameter (1:BIGINT) <- [1364198563]
2026-04-21 20:00:30.102 DEBUG [BestMovie4you_bot Telegram Executor] org.hibernate.SQL - 
    select
        ue1_0.id,
        ue1_0.chatId,
        ue1_0.name,
        ue1_0.userTgId 
    from
        users ue1_0 
    where
        ue1_0.userTgId=?
2026-04-21 20:00:30.102 TRACE [BestMovie4you_bot Telegram Executor] org.hibernate.orm.jdbc.bind - binding parameter (1:BIGINT) <- [1364198563]
2026-04-21 20:00:30.631 DEBUG [BestMovie4you_bot Telegram Executor] org.hibernate.SQL - 
    select
        ue1_0.id,
        ue1_0.chatId,
        ue1_0.name,
        ue1_0.userTgId 
    from
        users ue1_0 
    where
        ue1_0.userTgId=?
2026-04-21 20:00:30.632 TRACE [BestMovie4you_bot Telegram Executor] org.hibernate.orm.jdbc.bind - binding parameter (1:BIGINT) <- [1364198563]
2026-04-21 20:00:36.929 DEBUG [BestMovie4you_bot Telegram Executor] org.hibernate.SQL - 
    select
        ue1_0.id,
        ue1_0.chatId,
        ue1_0.name,
        ue1_0.userTgId 
    from
        users ue1_0 
    where
        ue1_0.userTgId=?
2026-04-21 20:00:36.929 TRACE [BestMovie4you_bot Telegram Executor] org.hibernate.orm.jdbc.bind - binding parameter (1:BIGINT) <- [1364198563]
2026-04-21 20:00:37.349 DEBUG [BestMovie4you_bot Telegram Executor] org.hibernate.SQL - 
    select
        ue1_0.id,
        ue1_0.chatId,
        ue1_0.name,
        ue1_0.userTgId 
    from
        users ue1_0 
    where
        ue1_0.userTgId=?
2026-04-21 20:00:37.350 TRACE [BestMovie4you_bot Telegram Executor] org.hibernate.orm.jdbc.bind - binding parameter (1:BIGINT) <- [1364198563]
2026-04-21 20:00:37.938 DEBUG [BestMovie4you_bot Telegram Executor] org.hibernate.SQL - 
    select
        ue1_0.id,
        ue1_0.chatId,
        ue1_0.name,
        ue1_0.userTgId 
    from
        users ue1_0 
    where
        ue1_0.userTgId=?
2026-04-21 20:00:37.939 TRACE [BestMovie4you_bot Telegram Executor] org.hibernate.orm.jdbc.bind - binding parameter (1:BIGINT) <- [1364198563]
2026-04-21 20:00:38.336 DEBUG [BestMovie4you_bot Telegram Executor] org.hibernate.SQL - 
    select
        ue1_0.id,
        ue1_0.chatId,
        ue1_0.name,
        ue1_0.userTgId 
    from
        users ue1_0 
    where
        ue1_0.userTgId=?
2026-04-21 20:00:38.336 TRACE [BestMovie4you_bot Telegram Executor] org.hibernate.orm.jdbc.bind - binding parameter (1:BIGINT) <- [1364198563]
2026-04-21 20:00:38.645 DEBUG [BestMovie4you_bot Telegram Executor] org.hibernate.SQL - 
    select
        ue1_0.id,
        ue1_0.chatId,
        ue1_0.name,
        ue1_0.userTgId 
    from
        users ue1_0 
    where
        ue1_0.userTgId=?
2026-04-21 20:00:38.645 TRACE [BestMovie4you_bot Telegram Executor] org.hibernate.orm.jdbc.bind - binding parameter (1:BIGINT) <- [1364198563]
2026-04-21 20:00:42.584 DEBUG [BestMovie4you_bot Telegram Executor] org.hibernate.SQL - 
    select
        ue1_0.id,
        ue1_0.chatId,
        ue1_0.name,
        ue1_0.userTgId 
    from
        users ue1_0 
    where
        ue1_0.userTgId=?
2026-04-21 20:00:42.584 TRACE [BestMovie4you_bot Telegram Executor] org.hibernate.orm.jdbc.bind - binding parameter (1:BIGINT) <- [1364198563]
2026-04-21 20:00:43.577 DEBUG [BestMovie4you_bot Telegram Executor] org.hibernate.SQL - 
    select
        ue1_0.id,
        ue1_0.chatId,
        ue1_0.name,
        ue1_0.userTgId 
    from
        users ue1_0 
    where
        ue1_0.userTgId=?
2026-04-21 20:00:43.577 TRACE [BestMovie4you_bot Telegram Executor] org.hibernate.orm.jdbc.bind - binding parameter (1:BIGINT) <- [1364198563]
2026-04-21 20:01:11.248 DEBUG [BestMovie4you_bot Telegram Executor] org.hibernate.SQL - 
    select
        ue1_0.id,
        ue1_0.chatId,
        ue1_0.name,
        ue1_0.userTgId 
    from
        users ue1_0 
    where
        ue1_0.userTgId=?
2026-04-21 20:01:11.251 TRACE [BestMovie4you_bot Telegram Executor] org.hibernate.orm.jdbc.bind - binding parameter (1:BIGINT) <- [1364198563]
2026-04-21 20:01:12.372 DEBUG [BestMovie4you_bot Telegram Executor] org.hibernate.SQL - 
    select
        ue1_0.id,
        ue1_0.chatId,
        ue1_0.name,
        ue1_0.userTgId 
    from
        users ue1_0 
    where
        ue1_0.userTgId=?
2026-04-21 20:01:12.372 TRACE [BestMovie4you_bot Telegram Executor] org.hibernate.orm.jdbc.bind - binding parameter (1:BIGINT) <- [1364198563]
2026-04-21 20:01:15.092 DEBUG [BestMovie4you_bot Telegram Executor] org.hibernate.SQL - 
    select
        ue1_0.id,
        ue1_0.chatId,
        ue1_0.name,
        ue1_0.userTgId 
    from
        users ue1_0 
    where
        ue1_0.userTgId=?
2026-04-21 20:01:15.093 TRACE [BestMovie4you_bot Telegram Executor] org.hibernate.orm.jdbc.bind - binding parameter (1:BIGINT) <- [1364198563]
2026-04-21 20:01:15.842 DEBUG [BestMovie4you_bot Telegram Executor] org.hibernate.SQL - 
    select
        ue1_0.id,
        ue1_0.chatId,
        ue1_0.name,
        ue1_0.userTgId 
    from
        users ue1_0 
    where
        ue1_0.userTgId=?
2026-04-21 20:01:15.842 TRACE [BestMovie4you_bot Telegram Executor] org.hibernate.orm.jdbc.bind - binding parameter (1:BIGINT) <- [1364198563]
2026-04-21 20:01:16.485 DEBUG [BestMovie4you_bot Telegram Executor] org.hibernate.SQL - 
    select
        ue1_0.id,
        ue1_0.chatId,
        ue1_0.name,
        ue1_0.userTgId 
    from
        users ue1_0 
    where
        ue1_0.userTgId=?
2026-04-21 20:01:16.485 TRACE [BestMovie4you_bot Telegram Executor] org.hibernate.orm.jdbc.bind - binding parameter (1:BIGINT) <- [1364198563]
2026-04-21 20:01:17.184 DEBUG [BestMovie4you_bot Telegram Executor] org.hibernate.SQL - 
    select
        ue1_0.id,
        ue1_0.chatId,
        ue1_0.name,
        ue1_0.userTgId 
    from
        users ue1_0 
    where
        ue1_0.userTgId=?
2026-04-21 20:01:17.184 TRACE [BestMovie4you_bot Telegram Executor] org.hibernate.orm.jdbc.bind - binding parameter (1:BIGINT) <- [1364198563]
2026-04-21 20:02:37.837 DEBUG [BestMovie4you_bot Telegram Executor] org.hibernate.SQL - 
    select
        ue1_0.id,
        ue1_0.chatId,
        ue1_0.name,
        ue1_0.userTgId 
    from
        users ue1_0 
    where
        ue1_0.userTgId=?
2026-04-21 20:02:37.839 TRACE [BestMovie4you_bot Telegram Executor] org.hibernate.orm.jdbc.bind - binding parameter (1:BIGINT) <- [1364198563]
2026-04-21 20:02:46.539 DEBUG [BestMovie4you_bot Telegram Executor] org.hibernate.SQL - 
    select
        ue1_0.id,
        ue1_0.chatId,
        ue1_0.name,
        ue1_0.userTgId 
    from
        users ue1_0 
    where
        ue1_0.userTgId=?
2026-04-21 20:02:46.539 TRACE [BestMovie4you_bot Telegram Executor] org.hibernate.orm.jdbc.bind - binding parameter (1:BIGINT) <- [1364198563]
2026-04-21 20:02:59.987 DEBUG [BestMovie4you_bot Telegram Executor] org.hibernate.SQL - 
    select
        ue1_0.id,
        ue1_0.chatId,
        ue1_0.name,
        ue1_0.userTgId 
    from
        users ue1_0 
    where
        ue1_0.userTgId=?
2026-04-21 20:02:59.991 TRACE [BestMovie4you_bot Telegram Executor] org.hibernate.orm.jdbc.bind - binding parameter (1:BIGINT) <- [1364198563]
2026-04-21 20:03:01.343 DEBUG [BestMovie4you_bot Telegram Executor] org.hibernate.SQL - 
    select
        ue1_0.id,
        ue1_0.chatId,
        ue1_0.name,
        ue1_0.userTgId 
    from
        users ue1_0 
    where
        ue1_0.userTgId=?
2026-04-21 20:03:01.344 TRACE [BestMovie4you_bot Telegram Executor] org.hibernate.orm.jdbc.bind - binding parameter (1:BIGINT) <- [1364198563]
2026-04-21 20:03:02.781 DEBUG [BestMovie4you_bot Telegram Executor] org.hibernate.SQL - 
    select
        ue1_0.id,
        ue1_0.chatId,
        ue1_0.name,
        ue1_0.userTgId 
    from
        users ue1_0 
    where
        ue1_0.userTgId=?
2026-04-21 20:03:02.781 TRACE [BestMovie4you_bot Telegram Executor] org.hibernate.orm.jdbc.bind - binding parameter (1:BIGINT) <- [1364198563]
2026-04-21 20:03:03.426 DEBUG [BestMovie4you_bot Telegram Executor] org.hibernate.SQL - 
    select
        ue1_0.id,
        ue1_0.chatId,
        ue1_0.name,
        ue1_0.userTgId 
    from
        users ue1_0 
    where
        ue1_0.userTgId=?
2026-04-21 20:03:03.426 TRACE [BestMovie4you_bot Telegram Executor] org.hibernate.orm.jdbc.bind - binding parameter (1:BIGINT) <- [1364198563]
2026-04-21 20:03:03.900 DEBUG [BestMovie4you_bot Telegram Executor] org.hibernate.SQL - 
    select
        ue1_0.id,
        ue1_0.chatId,
        ue1_0.name,
        ue1_0.userTgId 
    from
        users ue1_0 
    where
        ue1_0.userTgId=?
2026-04-21 20:03:03.901 TRACE [BestMovie4you_bot Telegram Executor] org.hibernate.orm.jdbc.bind - binding parameter (1:BIGINT) <- [1364198563]
2026-04-21 20:03:04.433 DEBUG [BestMovie4you_bot Telegram Executor] org.hibernate.SQL - 
    select
        ue1_0.id,
        ue1_0.chatId,
        ue1_0.name,
        ue1_0.userTgId 
    from
        users ue1_0 
    where
        ue1_0.userTgId=?
2026-04-21 20:03:04.433 TRACE [BestMovie4you_bot Telegram Executor] org.hibernate.orm.jdbc.bind - binding parameter (1:BIGINT) <- [1364198563]
2026-04-21 20:03:04.827 DEBUG [BestMovie4you_bot Telegram Executor] org.hibernate.SQL - 
    select
        ue1_0.id,
        ue1_0.chatId,
        ue1_0.name,
        ue1_0.userTgId 
    from
        users ue1_0 
    where
        ue1_0.userTgId=?
2026-04-21 20:03:04.828 TRACE [BestMovie4you_bot Telegram Executor] org.hibernate.orm.jdbc.bind - binding parameter (1:BIGINT) <- [1364198563]
2026-04-21 20:03:15.490 DEBUG [BestMovie4you_bot Telegram Executor] org.hibernate.SQL - 
    select
        ue1_0.id,
        ue1_0.chatId,
        ue1_0.name,
        ue1_0.userTgId 
    from
        users ue1_0 
    where
        ue1_0.userTgId=?
2026-04-21 20:03:15.491 TRACE [BestMovie4you_bot Telegram Executor] org.hibernate.orm.jdbc.bind - binding parameter (1:BIGINT) <- [1364198563]
2026-04-21 20:03:15.657 DEBUG [BestMovie4you_bot Telegram Executor] org.hibernate.SQL - 
    select
        ue1_0.id,
        ue1_0.chatId,
        ue1_0.name,
        ue1_0.userTgId 
    from
        users ue1_0 
    where
        ue1_0.userTgId=?
2026-04-21 20:03:15.658 TRACE [BestMovie4you_bot Telegram Executor] org.hibernate.orm.jdbc.bind - binding parameter (1:BIGINT) <- [1364198563]
2026-04-21 20:03:43.413 DEBUG [BestMovie4you_bot Telegram Executor] org.hibernate.SQL - 
    select
        ue1_0.id,
        ue1_0.chatId,
        ue1_0.name,
        ue1_0.userTgId 
    from
        users ue1_0 
    where
        ue1_0.userTgId=?
2026-04-21 20:03:43.414 TRACE [BestMovie4you_bot Telegram Executor] org.hibernate.orm.jdbc.bind - binding parameter (1:BIGINT) <- [1364198563]
2026-04-21 20:03:44.738 DEBUG [BestMovie4you_bot Telegram Executor] org.hibernate.SQL - 
    select
        ue1_0.id,
        ue1_0.chatId,
        ue1_0.name,
        ue1_0.userTgId 
    from
        users ue1_0 
    where
        ue1_0.userTgId=?
2026-04-21 20:03:44.738 TRACE [BestMovie4you_bot Telegram Executor] org.hibernate.orm.jdbc.bind - binding parameter (1:BIGINT) <- [1364198563]
2026-04-21 20:03:44.869 DEBUG [BestMovie4you_bot Telegram Executor] org.hibernate.SQL - 
    select
        ue1_0.id,
        ue1_0.chatId,
        ue1_0.name,
        ue1_0.userTgId 
    from
        users ue1_0 
    where
        ue1_0.userTgId=?
2026-04-21 20:03:44.869 TRACE [BestMovie4you_bot Telegram Executor] org.hibernate.orm.jdbc.bind - binding parameter (1:BIGINT) <- [1364198563]
2026-04-21 20:03:45.997 DEBUG [BestMovie4you_bot Telegram Executor] org.hibernate.SQL - 
    select
        ue1_0.id,
        ue1_0.chatId,
        ue1_0.name,
        ue1_0.userTgId 
    from
        users ue1_0 
    where
        ue1_0.userTgId=?
2026-04-21 20:03:45.997 TRACE [BestMovie4you_bot Telegram Executor] org.hibernate.orm.jdbc.bind - binding parameter (1:BIGINT) <- [1364198563]
2026-04-21 20:03:46.681 DEBUG [BestMovie4you_bot Telegram Executor] org.hibernate.SQL - 
    select
        ue1_0.id,
        ue1_0.chatId,
        ue1_0.name,
        ue1_0.userTgId 
    from
        users ue1_0 
    where
        ue1_0.userTgId=?
2026-04-21 20:03:46.682 TRACE [BestMovie4you_bot Telegram Executor] org.hibernate.orm.jdbc.bind - binding parameter (1:BIGINT) <- [1364198563]
2026-04-21 20:03:51.490 DEBUG [BestMovie4you_bot Telegram Executor] org.hibernate.SQL - 
    select
        ue1_0.id,
        ue1_0.chatId,
        ue1_0.name,
        ue1_0.userTgId 
    from
        users ue1_0 
    where
        ue1_0.userTgId=?
2026-04-21 20:03:51.490 TRACE [BestMovie4you_bot Telegram Executor] org.hibernate.orm.jdbc.bind - binding parameter (1:BIGINT) <- [1364198563]
2026-04-21 20:09:05.265 DEBUG [BestMovie4you_bot Telegram Executor] org.hibernate.SQL - 
    select
        ue1_0.id,
        ue1_0.chatId,
        ue1_0.name,
        ue1_0.userTgId 
    from
        users ue1_0 
    where
        ue1_0.userTgId=?
2026-04-21 20:09:05.267 TRACE [BestMovie4you_bot Telegram Executor] org.hibernate.orm.jdbc.bind - binding parameter (1:BIGINT) <- [1364198563]
2026-04-21 20:09:05.288 DEBUG [BestMovie4you_bot Telegram Executor] org.hibernate.SQL - 
    insert 
    into
        films
        (originalTitle, review, userId) 
    values
        (?, ?, ?)
2026-04-21 20:09:05.289 TRACE [BestMovie4you_bot Telegram Executor] org.hibernate.orm.jdbc.bind - binding parameter (1:VARCHAR) <- [Lee Cronin's The Mummy]
2026-04-21 20:09:05.289 TRACE [BestMovie4you_bot Telegram Executor] org.hibernate.orm.jdbc.bind - binding parameter (2:INTEGER) <- [3]
2026-04-21 20:09:05.289 TRACE [BestMovie4you_bot Telegram Executor] org.hibernate.orm.jdbc.bind - binding parameter (3:BIGINT) <- [-1]
2026-04-21 20:09:05.291 DEBUG [BestMovie4you_bot Telegram Executor] org.hibernate.SQL - 
    select
        last_insert_rowid()
2026-04-21 20:09:15.175 DEBUG [BestMovie4you_bot Telegram Executor] org.hibernate.SQL - 
    select
        ue1_0.id,
        ue1_0.chatId,
        ue1_0.name,
        ue1_0.userTgId 
    from
        users ue1_0 
    where
        ue1_0.userTgId=?
2026-04-21 20:09:15.175 TRACE [BestMovie4you_bot Telegram Executor] org.hibernate.orm.jdbc.bind - binding parameter (1:BIGINT) <- [1364198563]
2026-04-21 20:09:15.176 DEBUG [BestMovie4you_bot Telegram Executor] org.hibernate.SQL - 
    insert 
    into
        films
        (originalTitle, review, userId) 
    values
        (?, ?, ?)
2026-04-21 20:09:15.176 TRACE [BestMovie4you_bot Telegram Executor] org.hibernate.orm.jdbc.bind - binding parameter (1:VARCHAR) <- [Lee Cronin's The Mummy]
2026-04-21 20:09:15.176 TRACE [BestMovie4you_bot Telegram Executor] org.hibernate.orm.jdbc.bind - binding parameter (2:INTEGER) <- [9]
2026-04-21 20:09:15.176 TRACE [BestMovie4you_bot Telegram Executor] org.hibernate.orm.jdbc.bind - binding parameter (3:BIGINT) <- [-1]
2026-04-21 20:09:15.178 DEBUG [BestMovie4you_bot Telegram Executor] org.hibernate.SQL - 
    select
        last_insert_rowid()
2026-04-21 20:09:25.634 DEBUG [BestMovie4you_bot Telegram Executor] org.hibernate.SQL - 
    select
        ue1_0.id,
        ue1_0.chatId,
        ue1_0.name,
        ue1_0.userTgId 
    from
        users ue1_0 
    where
        ue1_0.userTgId=?
2026-04-21 20:09:25.635 TRACE [BestMovie4you_bot Telegram Executor] org.hibernate.orm.jdbc.bind - binding parameter (1:BIGINT) <- [1364198563]
2026-04-21 20:09:25.637 DEBUG [BestMovie4you_bot Telegram Executor] org.hibernate.SQL - 
    select
        fe1_0.id,
        fe1_0.originalTitle,
        fe1_0.review,
        fe1_0.userId 
    from
        films fe1_0 
    where
        fe1_0.userId=?
2026-04-21 20:09:25.638 TRACE [BestMovie4you_bot Telegram Executor] org.hibernate.orm.jdbc.bind - binding parameter (1:BIGINT) <- [-1]
2026-04-21 20:11:22.027 DEBUG [BestMovie4you_bot Telegram Executor] org.hibernate.SQL - 
    select
        ue1_0.id,
        ue1_0.chatId,
        ue1_0.name,
        ue1_0.userTgId 
    from
        users ue1_0 
    where
        ue1_0.userTgId=?
2026-04-21 20:11:22.027 TRACE [BestMovie4you_bot Telegram Executor] org.hibernate.orm.jdbc.bind - binding parameter (1:BIGINT) <- [1364198563]
2026-04-21 20:11:22.028 DEBUG [BestMovie4you_bot Telegram Executor] org.hibernate.SQL - 
    insert 
    into
        films
        (originalTitle, review, userId) 
    values
        (?, ?, ?)
2026-04-21 20:11:22.028 TRACE [BestMovie4you_bot Telegram Executor] org.hibernate.orm.jdbc.bind - binding parameter (1:VARCHAR) <- [Lee Cronin's The Mummy]
2026-04-21 20:11:22.028 TRACE [BestMovie4you_bot Telegram Executor] org.hibernate.orm.jdbc.bind - binding parameter (2:INTEGER) <- [8]
2026-04-21 20:11:22.028 TRACE [BestMovie4you_bot Telegram Executor] org.hibernate.orm.jdbc.bind - binding parameter (3:BIGINT) <- [-1]
2026-04-21 20:11:22.030 DEBUG [BestMovie4you_bot Telegram Executor] org.hibernate.SQL - 
    select
        last_insert_rowid()
2026-04-21 20:13:49.347 DEBUG [BestMovie4you_bot Telegram Executor] org.hibernate.SQL - 
    select
        ue1_0.id,
        ue1_0.chatId,
        ue1_0.name,
        ue1_0.userTgId 
    from
        users ue1_0 
    where
        ue1_0.userTgId=?
2026-04-21 20:13:49.350 TRACE [BestMovie4you_bot Telegram Executor] org.hibernate.orm.jdbc.bind - binding parameter (1:BIGINT) <- [1364198563]
2026-04-21 20:13:49.380 DEBUG [BestMovie4you_bot Telegram Executor] org.hibernate.SQL - 
    insert 
    into
        films
        (originalTitle, review, userId) 
    values
        (?, ?, ?)
2026-04-21 20:13:49.383 TRACE [BestMovie4you_bot Telegram Executor] org.hibernate.orm.jdbc.bind - binding parameter (1:VARCHAR) <- [Lee Cronin's The Mummy]
2026-04-21 20:13:49.384 TRACE [BestMovie4you_bot Telegram Executor] org.hibernate.orm.jdbc.bind - binding parameter (2:INTEGER) <- [3]
2026-04-21 20:13:49.384 TRACE [BestMovie4you_bot Telegram Executor] org.hibernate.orm.jdbc.bind - binding parameter (3:BIGINT) <- [-1]
2026-04-21 20:13:49.387 DEBUG [BestMovie4you_bot Telegram Executor] org.hibernate.SQL - 
    select
        last_insert_rowid()
2026-04-21 20:15:32.500 DEBUG [BestMovie4you_bot Telegram Executor] org.hibernate.SQL - 
    select
        ue1_0.id,
        ue1_0.chatId,
        ue1_0.name,
        ue1_0.userTgId 
    from
        users ue1_0 
    where
        ue1_0.userTgId=?
2026-04-21 20:15:32.501 TRACE [BestMovie4you_bot Telegram Executor] org.hibernate.orm.jdbc.bind - binding parameter (1:BIGINT) <- [1364198563]
2026-04-21 20:15:32.501 DEBUG [BestMovie4you_bot Telegram Executor] org.hibernate.SQL - 
    insert 
    into
        films
        (originalTitle, review, userId) 
    values
        (?, ?, ?)
2026-04-21 20:15:32.501 TRACE [BestMovie4you_bot Telegram Executor] org.hibernate.orm.jdbc.bind - binding parameter (1:VARCHAR) <- [Lee Cronin's The Mummy]
2026-04-21 20:15:32.501 TRACE [BestMovie4you_bot Telegram Executor] org.hibernate.orm.jdbc.bind - binding parameter (2:INTEGER) <- [8]
2026-04-21 20:15:32.501 TRACE [BestMovie4you_bot Telegram Executor] org.hibernate.orm.jdbc.bind - binding parameter (3:BIGINT) <- [-1]
2026-04-21 20:15:32.503 DEBUG [BestMovie4you_bot Telegram Executor] org.hibernate.SQL - 
    select
        last_insert_rowid()
2026-04-21 20:16:49.437 DEBUG [BestMovie4you_bot Telegram Executor] org.hibernate.SQL - 
    select
        ue1_0.id,
        ue1_0.chatId,
        ue1_0.name,
        ue1_0.userTgId 
    from
        users ue1_0 
    where
        ue1_0.userTgId=?
2026-04-21 20:16:49.439 TRACE [BestMovie4you_bot Telegram Executor] org.hibernate.orm.jdbc.bind - binding parameter (1:BIGINT) <- [1364198563]
2026-04-21 20:16:49.440 DEBUG [BestMovie4you_bot Telegram Executor] org.hibernate.SQL - 
    insert 
    into
        films
        (originalTitle, review, userId) 
    values
        (?, ?, ?)
2026-04-21 20:16:49.440 TRACE [BestMovie4you_bot Telegram Executor] org.hibernate.orm.jdbc.bind - binding parameter (1:VARCHAR) <- [Lee Cronin's The Mummy]
2026-04-21 20:16:49.440 TRACE [BestMovie4you_bot Telegram Executor] org.hibernate.orm.jdbc.bind - binding parameter (2:INTEGER) <- [3]
2026-04-21 20:16:49.440 TRACE [BestMovie4you_bot Telegram Executor] org.hibernate.orm.jdbc.bind - binding parameter (3:BIGINT) <- [-1]
2026-04-21 20:16:49.442 DEBUG [BestMovie4you_bot Telegram Executor] org.hibernate.SQL - 
    select
        last_insert_rowid()
2026-04-21 20:18:33.323 DEBUG [BestMovie4you_bot Telegram Executor] org.hibernate.SQL - 
    select
        ue1_0.id,
        ue1_0.chatId,
        ue1_0.name,
        ue1_0.userTgId 
    from
        users ue1_0 
    where
        ue1_0.userTgId=?
2026-04-21 20:18:33.323 TRACE [BestMovie4you_bot Telegram Executor] org.hibernate.orm.jdbc.bind - binding parameter (1:BIGINT) <- [1364198563]
2026-04-21 20:18:33.326 DEBUG [BestMovie4you_bot Telegram Executor] org.hibernate.SQL - 
    select
        fe1_0.id,
        fe1_0.originalTitle,
        fe1_0.review,
        fe1_0.userId 
    from
        films fe1_0 
    where
        fe1_0.userId=?
2026-04-21 20:18:33.328 TRACE [BestMovie4you_bot Telegram Executor] org.hibernate.orm.jdbc.bind - binding parameter (1:BIGINT) <- [-1]
2026-04-21 20:19:52.577 DEBUG [BestMovie4you_bot Telegram Executor] org.hibernate.SQL - 
    select
        ue1_0.id,
        ue1_0.chatId,
        ue1_0.name,
        ue1_0.userTgId 
    from
        users ue1_0 
    where
        ue1_0.userTgId=?
2026-04-21 20:19:52.579 TRACE [BestMovie4you_bot Telegram Executor] org.hibernate.orm.jdbc.bind - binding parameter (1:BIGINT) <- [1364198563]
2026-04-21 20:19:52.599 DEBUG [BestMovie4you_bot Telegram Executor] org.hibernate.SQL - 
    insert 
    into
        films
        (originalTitle, review, userId) 
    values
        (?, ?, ?)
2026-04-21 20:19:52.600 TRACE [BestMovie4you_bot Telegram Executor] org.hibernate.orm.jdbc.bind - binding parameter (1:VARCHAR) <- [Lee Cronin's The Mummy]
2026-04-21 20:19:52.600 TRACE [BestMovie4you_bot Telegram Executor] org.hibernate.orm.jdbc.bind - binding parameter (2:INTEGER) <- [3]
2026-04-21 20:19:52.600 TRACE [BestMovie4you_bot Telegram Executor] org.hibernate.orm.jdbc.bind - binding parameter (3:BIGINT) <- [-1]
2026-04-21 20:19:52.602 DEBUG [BestMovie4you_bot Telegram Executor] org.hibernate.SQL - 
    select
        last_insert_rowid()
2026-04-21 20:20:28.962 DEBUG [BestMovie4you_bot Telegram Executor] org.hibernate.SQL - 
    select
        ue1_0.id,
        ue1_0.chatId,
        ue1_0.name,
        ue1_0.userTgId 
    from
        users ue1_0 
    where
        ue1_0.userTgId=?
2026-04-21 20:20:28.964 TRACE [BestMovie4you_bot Telegram Executor] org.hibernate.orm.jdbc.bind - binding parameter (1:BIGINT) <- [1364198563]
2026-04-21 20:20:32.608 DEBUG [BestMovie4you_bot Telegram Executor] org.hibernate.SQL - 
    select
        ue1_0.id,
        ue1_0.chatId,
        ue1_0.name,
        ue1_0.userTgId 
    from
        users ue1_0 
    where
        ue1_0.userTgId=?
2026-04-21 20:20:32.608 TRACE [BestMovie4you_bot Telegram Executor] org.hibernate.orm.jdbc.bind - binding parameter (1:BIGINT) <- [1364198563]
2026-04-21 20:34:46.272 DEBUG [BestMovie4you_bot Telegram Executor] org.hibernate.SQL - 
    select
        ue1_0.id,
        ue1_0.chatId,
        ue1_0.name,
        ue1_0.userTgId 
    from
        users ue1_0 
    where
        ue1_0.userTgId=?
2026-04-21 20:34:46.274 TRACE [BestMovie4you_bot Telegram Executor] org.hibernate.orm.jdbc.bind - binding parameter (1:BIGINT) <- [1364198563]
2026-04-21 20:34:47.849 DEBUG [BestMovie4you_bot Telegram Executor] org.hibernate.SQL - 
    select
        ue1_0.id,
        ue1_0.chatId,
        ue1_0.name,
        ue1_0.userTgId 
    from
        users ue1_0 
    where
        ue1_0.userTgId=?
2026-04-21 20:34:47.850 TRACE [BestMovie4you_bot Telegram Executor] org.hibernate.orm.jdbc.bind - binding parameter (1:BIGINT) <- [1364198563]
2026-04-21 20:34:48.040 DEBUG [BestMovie4you_bot Telegram Executor] org.hibernate.SQL - 
    select
        ue1_0.id,
        ue1_0.chatId,
        ue1_0.name,
        ue1_0.userTgId 
    from
        users ue1_0 
    where
        ue1_0.userTgId=?
2026-04-21 20:34:48.041 TRACE [BestMovie4you_bot Telegram Executor] org.hibernate.orm.jdbc.bind - binding parameter (1:BIGINT) <- [1364198563]
2026-04-21 20:35:38.834 DEBUG [BestMovie4you_bot Telegram Executor] org.hibernate.SQL - 
    select
        ue1_0.id,
        ue1_0.chatId,
        ue1_0.name,
        ue1_0.userTgId 
    from
        users ue1_0 
    where
        ue1_0.userTgId=?
2026-04-21 20:35:38.834 TRACE [BestMovie4you_bot Telegram Executor] org.hibernate.orm.jdbc.bind - binding parameter (1:BIGINT) <- [1364198563]
2026-04-21 20:37:39.176 DEBUG [BestMovie4you_bot Telegram Executor] org.hibernate.SQL - 
    select
        ue1_0.id,
        ue1_0.chatId,
        ue1_0.name,
        ue1_0.userTgId 
    from
        users ue1_0 
    where
        ue1_0.userTgId=?
2026-04-21 20:37:39.180 TRACE [BestMovie4you_bot Telegram Executor] org.hibernate.orm.jdbc.bind - binding parameter (1:BIGINT) <- [1364198563]
2026-04-21 20:37:53.371 DEBUG [BestMovie4you_bot Telegram Executor] org.hibernate.SQL - 
    select
        ue1_0.id,
        ue1_0.chatId,
        ue1_0.name,
        ue1_0.userTgId 
    from
        users ue1_0 
    where
        ue1_0.userTgId=?
2026-04-21 20:37:53.371 TRACE [BestMovie4you_bot Telegram Executor] org.hibernate.orm.jdbc.bind - binding parameter (1:BIGINT) <- [1364198563]
2026-04-21 20:37:57.499 DEBUG [BestMovie4you_bot Telegram Executor] org.hibernate.SQL - 
    select
        ue1_0.id,
        ue1_0.chatId,
        ue1_0.name,
        ue1_0.userTgId 
    from
        users ue1_0 
    where
        ue1_0.userTgId=?
2026-04-21 20:37:57.499 TRACE [BestMovie4you_bot Telegram Executor] org.hibernate.orm.jdbc.bind - binding parameter (1:BIGINT) <- [1364198563]
2026-04-21 20:39:52.614 DEBUG [BestMovie4you_bot Telegram Executor] org.hibernate.SQL - 
    select
        ue1_0.id,
        ue1_0.chatId,
        ue1_0.name,
        ue1_0.userTgId 
    from
        users ue1_0 
    where
        ue1_0.userTgId=?
2026-04-21 20:39:52.616 TRACE [BestMovie4you_bot Telegram Executor] org.hibernate.orm.jdbc.bind - binding parameter (1:BIGINT) <- [1364198563]
2026-04-21 20:39:52.639 DEBUG [BestMovie4you_bot Telegram Executor] org.hibernate.SQL - 
    insert 
    into
        users
        (chatId, name, userTgId) 
    values
        (?, ?, ?)
2026-04-21 20:39:52.640 TRACE [BestMovie4you_bot Telegram Executor] org.hibernate.orm.jdbc.bind - binding parameter (1:BIGINT) <- [1364198563]
2026-04-21 20:39:52.640 TRACE [BestMovie4you_bot Telegram Executor] org.hibernate.orm.jdbc.bind - binding parameter (2:VARCHAR) <- [Iljuha1234]
2026-04-21 20:39:52.640 TRACE [BestMovie4you_bot Telegram Executor] org.hibernate.orm.jdbc.bind - binding parameter (3:BIGINT) <- [1364198563]
2026-04-21 20:39:52.642 DEBUG [BestMovie4you_bot Telegram Executor] org.hibernate.SQL - 
    select
        last_insert_rowid()
2026-04-21 20:39:52.889 DEBUG [BestMovie4you_bot Telegram Executor] org.hibernate.SQL - 
    select
        ue1_0.id,
        ue1_0.chatId,
        ue1_0.name,
        ue1_0.userTgId 
    from
        users ue1_0 
    where
        ue1_0.userTgId=?
2026-04-21 20:39:52.890 TRACE [BestMovie4you_bot Telegram Executor] org.hibernate.orm.jdbc.bind - binding parameter (1:BIGINT) <- [1364198563]
2026-04-21 20:39:52.988 DEBUG [BestMovie4you_bot Telegram Executor] org.hibernate.SQL - 
    select
        ue1_0.id,
        ue1_0.chatId,
        ue1_0.name,
        ue1_0.userTgId 
    from
        users ue1_0 
    where
        ue1_0.userTgId=?
2026-04-21 20:39:52.988 TRACE [BestMovie4you_bot Telegram Executor] org.hibernate.orm.jdbc.bind - binding parameter (1:BIGINT) <- [1364198563]
2026-04-21 20:40:03.328 DEBUG [BestMovie4you_bot Telegram Executor] org.hibernate.SQL - 
    select
        ue1_0.id,
        ue1_0.chatId,
        ue1_0.name,
        ue1_0.userTgId 
    from
        users ue1_0 
    where
        ue1_0.userTgId=?
2026-04-21 20:40:03.329 TRACE [BestMovie4you_bot Telegram Executor] org.hibernate.orm.jdbc.bind - binding parameter (1:BIGINT) <- [1364198563]
2026-04-21 20:40:03.332 DEBUG [BestMovie4you_bot Telegram Executor] org.hibernate.SQL - 
    insert 
    into
        films
        (originalTitle, review, userId) 
    values
        (?, ?, ?)
2026-04-21 20:40:03.332 TRACE [BestMovie4you_bot Telegram Executor] org.hibernate.orm.jdbc.bind - binding parameter (1:VARCHAR) <- [The Super Mario Galaxy Movie]
2026-04-21 20:40:03.332 TRACE [BestMovie4you_bot Telegram Executor] org.hibernate.orm.jdbc.bind - binding parameter (2:INTEGER) <- [9]
2026-04-21 20:40:03.332 TRACE [BestMovie4you_bot Telegram Executor] org.hibernate.orm.jdbc.bind - binding parameter (3:BIGINT) <- [11]
2026-04-21 20:40:03.332 DEBUG [BestMovie4you_bot Telegram Executor] org.hibernate.SQL - 
    select
        last_insert_rowid()
2026-04-21 20:40:14.265 DEBUG [BestMovie4you_bot Telegram Executor] org.hibernate.SQL - 
    select
        ue1_0.id,
        ue1_0.chatId,
        ue1_0.name,
        ue1_0.userTgId 
    from
        users ue1_0 
    where
        ue1_0.userTgId=?
2026-04-21 20:40:14.265 TRACE [BestMovie4you_bot Telegram Executor] org.hibernate.orm.jdbc.bind - binding parameter (1:BIGINT) <- [1364198563]
2026-04-21 20:40:14.268 DEBUG [BestMovie4you_bot Telegram Executor] org.hibernate.SQL - 
    select
        fe1_0.id,
        fe1_0.originalTitle,
        fe1_0.review,
        fe1_0.userId 
    from
        films fe1_0 
    where
        fe1_0.userId=?
2026-04-21 20:40:14.268 TRACE [BestMovie4you_bot Telegram Executor] org.hibernate.orm.jdbc.bind - binding parameter (1:BIGINT) <- [11]
2026-04-21 20:43:12.007 DEBUG [BestMovie4you_bot Telegram Executor] org.hibernate.SQL - 
    select
        ue1_0.id,
        ue1_0.chatId,
        ue1_0.name,
        ue1_0.userTgId 
    from
        users ue1_0 
    where
        ue1_0.userTgId=?
2026-04-21 20:43:12.009 TRACE [BestMovie4you_bot Telegram Executor] org.hibernate.orm.jdbc.bind - binding parameter (1:BIGINT) <- [1364198563]
2026-04-21 20:43:23.900 DEBUG [BestMovie4you_bot Telegram Executor] org.hibernate.SQL - 
    select
        ue1_0.id,
        ue1_0.chatId,
        ue1_0.name,
        ue1_0.userTgId 
    from
        users ue1_0 
    where
        ue1_0.userTgId=?
2026-04-21 20:43:23.900 TRACE [BestMovie4you_bot Telegram Executor] org.hibernate.orm.jdbc.bind - binding parameter (1:BIGINT) <- [1364198563]
2026-04-21 20:43:23.914 DEBUG [BestMovie4you_bot Telegram Executor] org.hibernate.SQL - 
    insert 
    into
        films
        (originalTitle, review, userId) 
    values
        (?, ?, ?)
2026-04-21 20:43:23.916 TRACE [BestMovie4you_bot Telegram Executor] org.hibernate.orm.jdbc.bind - binding parameter (1:VARCHAR) <- [The Super Mario Galaxy Movie]
2026-04-21 20:43:23.916 TRACE [BestMovie4you_bot Telegram Executor] org.hibernate.orm.jdbc.bind - binding parameter (2:INTEGER) <- [9]
2026-04-21 20:43:23.916 TRACE [BestMovie4you_bot Telegram Executor] org.hibernate.orm.jdbc.bind - binding parameter (3:BIGINT) <- [11]
2026-04-21 20:43:23.919 DEBUG [BestMovie4you_bot Telegram Executor] org.hibernate.SQL - 
    select
        last_insert_rowid()
2026-04-21 20:43:31.586 DEBUG [BestMovie4you_bot Telegram Executor] org.hibernate.SQL - 
    select
        ue1_0.id,
        ue1_0.chatId,
        ue1_0.name,
        ue1_0.userTgId 
    from
        users ue1_0 
    where
        ue1_0.userTgId=?
2026-04-21 20:43:31.586 TRACE [BestMovie4you_bot Telegram Executor] org.hibernate.orm.jdbc.bind - binding parameter (1:BIGINT) <- [1364198563]
2026-04-21 20:43:31.588 DEBUG [BestMovie4you_bot Telegram Executor] org.hibernate.SQL - 
    select
        fe1_0.id,
        fe1_0.originalTitle,
        fe1_0.review,
        fe1_0.userId 
    from
        films fe1_0 
    where
        fe1_0.userId=?
2026-04-21 20:43:31.588 TRACE [BestMovie4you_bot Telegram Executor] org.hibernate.orm.jdbc.bind - binding parameter (1:BIGINT) <- [11]
2026-04-21 20:45:58.520 DEBUG [BestMovie4you_bot Telegram Executor] org.hibernate.SQL - 
    select
        ue1_0.id,
        ue1_0.chatId,
        ue1_0.name,
        ue1_0.userTgId 
    from
        users ue1_0 
    where
        ue1_0.userTgId=?
2026-04-21 20:45:58.523 TRACE [BestMovie4you_bot Telegram Executor] org.hibernate.orm.jdbc.bind - binding parameter (1:BIGINT) <- [1364198563]
2026-04-21 20:46:04.970 DEBUG [BestMovie4you_bot Telegram Executor] org.hibernate.SQL - 
    select
        ue1_0.id,
        ue1_0.chatId,
        ue1_0.name,
        ue1_0.userTgId 
    from
        users ue1_0 
    where
        ue1_0.userTgId=?
2026-04-21 20:46:04.970 TRACE [BestMovie4you_bot Telegram Executor] org.hibernate.orm.jdbc.bind - binding parameter (1:BIGINT) <- [1364198563]
2026-04-21 20:46:04.986 DEBUG [BestMovie4you_bot Telegram Executor] org.hibernate.SQL - 
    insert 
    into
        films
        (originalTitle, review, userId) 
    values
        (?, ?, ?)
2026-04-21 20:46:04.987 TRACE [BestMovie4you_bot Telegram Executor] org.hibernate.orm.jdbc.bind - binding parameter (1:VARCHAR) <- [The Super Mario Galaxy Movie]
2026-04-21 20:46:04.987 TRACE [BestMovie4you_bot Telegram Executor] org.hibernate.orm.jdbc.bind - binding parameter (2:DOUBLE) <- [3.0]
2026-04-21 20:46:04.987 TRACE [BestMovie4you_bot Telegram Executor] org.hibernate.orm.jdbc.bind - binding parameter (3:BIGINT) <- [11]
2026-04-21 20:46:04.990 DEBUG [BestMovie4you_bot Telegram Executor] org.hibernate.SQL - 
    select
        last_insert_rowid()
2026-04-21 20:46:10.515 DEBUG [BestMovie4you_bot Telegram Executor] org.hibernate.SQL - 
    select
        ue1_0.id,
        ue1_0.chatId,
        ue1_0.name,
        ue1_0.userTgId 
    from
        users ue1_0 
    where
        ue1_0.userTgId=?
2026-04-21 20:46:10.516 TRACE [BestMovie4you_bot Telegram Executor] org.hibernate.orm.jdbc.bind - binding parameter (1:BIGINT) <- [1364198563]
2026-04-21 20:46:10.518 DEBUG [BestMovie4you_bot Telegram Executor] org.hibernate.SQL - 
    select
        fe1_0.id,
        fe1_0.originalTitle,
        fe1_0.review,
        fe1_0.userId 
    from
        films fe1_0 
    where
        fe1_0.userId=?
2026-04-21 20:46:10.518 TRACE [BestMovie4you_bot Telegram Executor] org.hibernate.orm.jdbc.bind - binding parameter (1:BIGINT) <- [11]
2026-04-21 20:47:25.369 DEBUG [BestMovie4you_bot Telegram Executor] org.hibernate.SQL - 
    select
        ue1_0.id,
        ue1_0.chatId,
        ue1_0.name,
        ue1_0.userTgId 
    from
        users ue1_0 
    where
        ue1_0.userTgId=?
2026-04-21 20:47:25.369 TRACE [BestMovie4you_bot Telegram Executor] org.hibernate.orm.jdbc.bind - binding parameter (1:BIGINT) <- [1364198563]
2026-04-21 20:47:25.370 DEBUG [BestMovie4you_bot Telegram Executor] org.hibernate.SQL - 
    insert 
    into
        films
        (originalTitle, review, userId) 
    values
        (?, ?, ?)
2026-04-21 20:47:25.370 TRACE [BestMovie4you_bot Telegram Executor] org.hibernate.orm.jdbc.bind - binding parameter (1:VARCHAR) <- [The Super Mario Galaxy Movie]
2026-04-21 20:47:25.370 TRACE [BestMovie4you_bot Telegram Executor] org.hibernate.orm.jdbc.bind - binding parameter (2:DOUBLE) <- [10.0]
2026-04-21 20:47:25.370 TRACE [BestMovie4you_bot Telegram Executor] org.hibernate.orm.jdbc.bind - binding parameter (3:BIGINT) <- [11]
2026-04-21 20:47:25.372 DEBUG [BestMovie4you_bot Telegram Executor] org.hibernate.SQL - 
    select
        last_insert_rowid()
2026-04-21 20:47:46.010 DEBUG [BestMovie4you_bot Telegram Executor] org.hibernate.SQL - 
    select
        fe1_0.id,
        fe1_0.originalTitle,
        fe1_0.review,
        fe1_0.userId 
    from
        films fe1_0 
    where
        fe1_0.userId=? 
        and fe1_0.originalTitle=?
2026-04-21 20:47:46.010 TRACE [BestMovie4you_bot Telegram Executor] org.hibernate.orm.jdbc.bind - binding parameter (1:BIGINT) <- [1364198563]
2026-04-21 20:47:46.010 TRACE [BestMovie4you_bot Telegram Executor] org.hibernate.orm.jdbc.bind - binding parameter (2:VARCHAR) <- [Spider-Man: No Way Home]
2026-04-21 20:47:46.032 DEBUG [BestMovie4you_bot Telegram Executor] org.hibernate.SQL - 
    select
        fe1_0.id,
        fe1_0.originalTitle,
        fe1_0.review,
        fe1_0.userId 
    from
        films fe1_0 
    where
        fe1_0.originalTitle=?
2026-04-21 20:47:46.033 TRACE [BestMovie4you_bot Telegram Executor] org.hibernate.orm.jdbc.bind - binding parameter (1:VARCHAR) <- [Spider-Man: No Way Home]
2026-04-21 20:47:46.033 DEBUG [BestMovie4you_bot Telegram Executor] org.hibernate.SQL - 
    select
        fe1_0.id,
        fe1_0.originalTitle,
        fe1_0.review,
        fe1_0.userId 
    from
        films fe1_0 
    where
        fe1_0.userId=? 
        and fe1_0.originalTitle=?
2026-04-21 20:47:46.034 TRACE [BestMovie4you_bot Telegram Executor] org.hibernate.orm.jdbc.bind - binding parameter (1:BIGINT) <- [1364198563]
2026-04-21 20:47:46.034 TRACE [BestMovie4you_bot Telegram Executor] org.hibernate.orm.jdbc.bind - binding parameter (2:VARCHAR) <- [The Avengers]
2026-04-21 20:47:46.034 DEBUG [BestMovie4you_bot Telegram Executor] org.hibernate.SQL - 
    select
        fe1_0.id,
        fe1_0.originalTitle,
        fe1_0.review,
        fe1_0.userId 
    from
        films fe1_0 
    where
        fe1_0.originalTitle=?
2026-04-21 20:47:46.034 TRACE [BestMovie4you_bot Telegram Executor] org.hibernate.orm.jdbc.bind - binding parameter (1:VARCHAR) <- [The Avengers]
2026-04-21 20:47:46.035 DEBUG [BestMovie4you_bot Telegram Executor] org.hibernate.SQL - 
    select
        fe1_0.id,
        fe1_0.originalTitle,
        fe1_0.review,
        fe1_0.userId 
    from
        films fe1_0 
    where
        fe1_0.userId=? 
        and fe1_0.originalTitle=?
2026-04-21 20:47:46.035 TRACE [BestMovie4you_bot Telegram Executor] org.hibernate.orm.jdbc.bind - binding parameter (1:BIGINT) <- [1364198563]
2026-04-21 20:47:46.035 TRACE [BestMovie4you_bot Telegram Executor] org.hibernate.orm.jdbc.bind - binding parameter (2:VARCHAR) <- [Predator: Badlands]
2026-04-21 20:47:46.035 DEBUG [BestMovie4you_bot Telegram Executor] org.hibernate.SQL - 
    select
        fe1_0.id,
        fe1_0.originalTitle,
        fe1_0.review,
        fe1_0.userId 
    from
        films fe1_0 
    where
        fe1_0.originalTitle=?
2026-04-21 20:47:46.035 TRACE [BestMovie4you_bot Telegram Executor] org.hibernate.orm.jdbc.bind - binding parameter (1:VARCHAR) <- [Predator: Badlands]
2026-04-21 20:47:46.036 DEBUG [BestMovie4you_bot Telegram Executor] org.hibernate.SQL - 
    select
        fe1_0.id,
        fe1_0.originalTitle,
        fe1_0.review,
        fe1_0.userId 
    from
        films fe1_0 
    where
        fe1_0.userId=? 
        and fe1_0.originalTitle=?
2026-04-21 20:47:46.036 TRACE [BestMovie4you_bot Telegram Executor] org.hibernate.orm.jdbc.bind - binding parameter (1:BIGINT) <- [1364198563]
2026-04-21 20:47:46.036 TRACE [BestMovie4you_bot Telegram Executor] org.hibernate.orm.jdbc.bind - binding parameter (2:VARCHAR) <- [Avengers: Infinity War]
2026-04-21 20:47:46.036 DEBUG [BestMovie4you_bot Telegram Executor] org.hibernate.SQL - 
    select
        fe1_0.id,
        fe1_0.originalTitle,
        fe1_0.review,
        fe1_0.userId 
    from
        films fe1_0 
    where
        fe1_0.originalTitle=?
2026-04-21 20:47:46.036 TRACE [BestMovie4you_bot Telegram Executor] org.hibernate.orm.jdbc.bind - binding parameter (1:VARCHAR) <- [Avengers: Infinity War]
2026-04-21 20:48:28.132 DEBUG [BestMovie4you_bot Telegram Executor] org.hibernate.SQL - 
    select
        ue1_0.id,
        ue1_0.chatId,
        ue1_0.name,
        ue1_0.userTgId 
    from
        users ue1_0 
    where
        ue1_0.userTgId=?
2026-04-21 20:48:28.132 TRACE [BestMovie4you_bot Telegram Executor] org.hibernate.orm.jdbc.bind - binding parameter (1:BIGINT) <- [1364198563]
2026-04-21 20:48:28.133 DEBUG [BestMovie4you_bot Telegram Executor] org.hibernate.SQL - 
    insert 
    into
        films
        (originalTitle, review, userId) 
    values
        (?, ?, ?)
2026-04-21 20:48:28.133 TRACE [BestMovie4you_bot Telegram Executor] org.hibernate.orm.jdbc.bind - binding parameter (1:VARCHAR) <- [The Super Mario Galaxy Movie]
2026-04-21 20:48:28.133 TRACE [BestMovie4you_bot Telegram Executor] org.hibernate.orm.jdbc.bind - binding parameter (2:DOUBLE) <- [10.0]
2026-04-21 20:48:28.133 TRACE [BestMovie4you_bot Telegram Executor] org.hibernate.orm.jdbc.bind - binding parameter (3:BIGINT) <- [11]
2026-04-21 20:48:28.135 DEBUG [BestMovie4you_bot Telegram Executor] org.hibernate.SQL - 
    select
        last_insert_rowid()
2026-04-21 20:48:30.666 DEBUG [BestMovie4you_bot Telegram Executor] org.hibernate.SQL - 
    select
        ue1_0.id,
        ue1_0.chatId,
        ue1_0.name,
        ue1_0.userTgId 
    from
        users ue1_0 
    where
        ue1_0.userTgId=?
2026-04-21 20:48:30.666 TRACE [BestMovie4you_bot Telegram Executor] org.hibernate.orm.jdbc.bind - binding parameter (1:BIGINT) <- [1364198563]
2026-04-21 20:48:30.667 DEBUG [BestMovie4you_bot Telegram Executor] org.hibernate.SQL - 
    insert 
    into
        films
        (originalTitle, review, userId) 
    values
        (?, ?, ?)
2026-04-21 20:48:30.667 TRACE [BestMovie4you_bot Telegram Executor] org.hibernate.orm.jdbc.bind - binding parameter (1:VARCHAR) <- [The Super Mario Galaxy Movie]
2026-04-21 20:48:30.667 TRACE [BestMovie4you_bot Telegram Executor] org.hibernate.orm.jdbc.bind - binding parameter (2:DOUBLE) <- [9.0]
2026-04-21 20:48:30.667 TRACE [BestMovie4you_bot Telegram Executor] org.hibernate.orm.jdbc.bind - binding parameter (3:BIGINT) <- [11]
2026-04-21 20:48:30.670 DEBUG [BestMovie4you_bot Telegram Executor] org.hibernate.SQL - 
    select
        last_insert_rowid()
2026-04-21 20:48:32.220 DEBUG [BestMovie4you_bot Telegram Executor] org.hibernate.SQL - 
    select
        ue1_0.id,
        ue1_0.chatId,
        ue1_0.name,
        ue1_0.userTgId 
    from
        users ue1_0 
    where
        ue1_0.userTgId=?
2026-04-21 20:48:32.220 TRACE [BestMovie4you_bot Telegram Executor] org.hibernate.orm.jdbc.bind - binding parameter (1:BIGINT) <- [1364198563]
2026-04-21 20:48:32.221 DEBUG [BestMovie4you_bot Telegram Executor] org.hibernate.SQL - 
    insert 
    into
        films
        (originalTitle, review, userId) 
    values
        (?, ?, ?)
2026-04-21 20:48:32.221 TRACE [BestMovie4you_bot Telegram Executor] org.hibernate.orm.jdbc.bind - binding parameter (1:VARCHAR) <- [The Super Mario Galaxy Movie]
2026-04-21 20:48:32.221 TRACE [BestMovie4you_bot Telegram Executor] org.hibernate.orm.jdbc.bind - binding parameter (2:DOUBLE) <- [8.0]
2026-04-21 20:48:32.221 TRACE [BestMovie4you_bot Telegram Executor] org.hibernate.orm.jdbc.bind - binding parameter (3:BIGINT) <- [11]
2026-04-21 20:48:32.222 DEBUG [BestMovie4you_bot Telegram Executor] org.hibernate.SQL - 
    select
        last_insert_rowid()
2026-04-21 20:48:32.529 DEBUG [BestMovie4you_bot Telegram Executor] org.hibernate.SQL - 
    select
        ue1_0.id,
        ue1_0.chatId,
        ue1_0.name,
        ue1_0.userTgId 
    from
        users ue1_0 
    where
        ue1_0.userTgId=?
2026-04-21 20:48:32.530 TRACE [BestMovie4you_bot Telegram Executor] org.hibernate.orm.jdbc.bind - binding parameter (1:BIGINT) <- [1364198563]
2026-04-21 20:48:32.530 DEBUG [BestMovie4you_bot Telegram Executor] org.hibernate.SQL - 
    insert 
    into
        films
        (originalTitle, review, userId) 
    values
        (?, ?, ?)
2026-04-21 20:48:32.531 TRACE [BestMovie4you_bot Telegram Executor] org.hibernate.orm.jdbc.bind - binding parameter (1:VARCHAR) <- [The Super Mario Galaxy Movie]
2026-04-21 20:48:32.531 TRACE [BestMovie4you_bot Telegram Executor] org.hibernate.orm.jdbc.bind - binding parameter (2:DOUBLE) <- [3.0]
2026-04-21 20:48:32.531 TRACE [BestMovie4you_bot Telegram Executor] org.hibernate.orm.jdbc.bind - binding parameter (3:BIGINT) <- [11]
2026-04-21 20:48:32.532 DEBUG [BestMovie4you_bot Telegram Executor] org.hibernate.SQL - 
    select
        last_insert_rowid()
2026-04-21 20:48:33.168 DEBUG [BestMovie4you_bot Telegram Executor] org.hibernate.SQL - 
    select
        ue1_0.id,
        ue1_0.chatId,
        ue1_0.name,
        ue1_0.userTgId 
    from
        users ue1_0 
    where
        ue1_0.userTgId=?
2026-04-21 20:48:33.169 TRACE [BestMovie4you_bot Telegram Executor] org.hibernate.orm.jdbc.bind - binding parameter (1:BIGINT) <- [1364198563]
2026-04-21 20:48:33.169 DEBUG [BestMovie4you_bot Telegram Executor] org.hibernate.SQL - 
    insert 
    into
        films
        (originalTitle, review, userId) 
    values
        (?, ?, ?)
2026-04-21 20:48:33.169 TRACE [BestMovie4you_bot Telegram Executor] org.hibernate.orm.jdbc.bind - binding parameter (1:VARCHAR) <- [The Super Mario Galaxy Movie]
2026-04-21 20:48:33.169 TRACE [BestMovie4you_bot Telegram Executor] org.hibernate.orm.jdbc.bind - binding parameter (2:DOUBLE) <- [9.0]
2026-04-21 20:48:33.169 TRACE [BestMovie4you_bot Telegram Executor] org.hibernate.orm.jdbc.bind - binding parameter (3:BIGINT) <- [11]
2026-04-21 20:48:33.170 DEBUG [BestMovie4you_bot Telegram Executor] org.hibernate.SQL - 
    select
        last_insert_rowid()
2026-04-21 20:48:33.721 DEBUG [BestMovie4you_bot Telegram Executor] org.hibernate.SQL - 
    select
        ue1_0.id,
        ue1_0.chatId,
        ue1_0.name,
        ue1_0.userTgId 
    from
        users ue1_0 
    where
        ue1_0.userTgId=?
2026-04-21 20:48:33.721 TRACE [BestMovie4you_bot Telegram Executor] org.hibernate.orm.jdbc.bind - binding parameter (1:BIGINT) <- [1364198563]
2026-04-21 20:48:33.727 DEBUG [BestMovie4you_bot Telegram Executor] org.hibernate.SQL - 
    insert 
    into
        films
        (originalTitle, review, userId) 
    values
        (?, ?, ?)
2026-04-21 20:48:33.728 TRACE [BestMovie4you_bot Telegram Executor] org.hibernate.orm.jdbc.bind - binding parameter (1:VARCHAR) <- [The Super Mario Galaxy Movie]
2026-04-21 20:48:33.728 TRACE [BestMovie4you_bot Telegram Executor] org.hibernate.orm.jdbc.bind - binding parameter (2:DOUBLE) <- [4.0]
2026-04-21 20:48:33.728 TRACE [BestMovie4you_bot Telegram Executor] org.hibernate.orm.jdbc.bind - binding parameter (3:BIGINT) <- [11]
2026-04-21 20:48:33.730 DEBUG [BestMovie4you_bot Telegram Executor] org.hibernate.SQL - 
    select
        last_insert_rowid()
2026-04-21 20:48:34.395 DEBUG [BestMovie4you_bot Telegram Executor] org.hibernate.SQL - 
    select
        ue1_0.id,
        ue1_0.chatId,
        ue1_0.name,
        ue1_0.userTgId 
    from
        users ue1_0 
    where
        ue1_0.userTgId=?
2026-04-21 20:48:34.395 TRACE [BestMovie4you_bot Telegram Executor] org.hibernate.orm.jdbc.bind - binding parameter (1:BIGINT) <- [1364198563]
2026-04-21 20:48:34.397 DEBUG [BestMovie4you_bot Telegram Executor] org.hibernate.SQL - 
    insert 
    into
        films
        (originalTitle, review, userId) 
    values
        (?, ?, ?)
2026-04-21 20:48:34.397 TRACE [BestMovie4you_bot Telegram Executor] org.hibernate.orm.jdbc.bind - binding parameter (1:VARCHAR) <- [The Super Mario Galaxy Movie]
2026-04-21 20:48:34.397 TRACE [BestMovie4you_bot Telegram Executor] org.hibernate.orm.jdbc.bind - binding parameter (2:DOUBLE) <- [10.0]
2026-04-21 20:48:34.397 TRACE [BestMovie4you_bot Telegram Executor] org.hibernate.orm.jdbc.bind - binding parameter (3:BIGINT) <- [11]
2026-04-21 20:48:34.398 DEBUG [BestMovie4you_bot Telegram Executor] org.hibernate.SQL - 
    select
        last_insert_rowid()
2026-04-21 20:48:34.909 DEBUG [BestMovie4you_bot Telegram Executor] org.hibernate.SQL - 
    select
        ue1_0.id,
        ue1_0.chatId,
        ue1_0.name,
        ue1_0.userTgId 
    from
        users ue1_0 
    where
        ue1_0.userTgId=?
2026-04-21 20:48:34.909 TRACE [BestMovie4you_bot Telegram Executor] org.hibernate.orm.jdbc.bind - binding parameter (1:BIGINT) <- [1364198563]
2026-04-21 20:48:34.910 DEBUG [BestMovie4you_bot Telegram Executor] org.hibernate.SQL - 
    insert 
    into
        films
        (originalTitle, review, userId) 
    values
        (?, ?, ?)
2026-04-21 20:48:34.910 TRACE [BestMovie4you_bot Telegram Executor] org.hibernate.orm.jdbc.bind - binding parameter (1:VARCHAR) <- [The Super Mario Galaxy Movie]
2026-04-21 20:48:34.911 TRACE [BestMovie4you_bot Telegram Executor] org.hibernate.orm.jdbc.bind - binding parameter (2:DOUBLE) <- [10.0]
2026-04-21 20:48:34.911 TRACE [BestMovie4you_bot Telegram Executor] org.hibernate.orm.jdbc.bind - binding parameter (3:BIGINT) <- [11]
2026-04-21 20:48:34.912 DEBUG [BestMovie4you_bot Telegram Executor] org.hibernate.SQL - 
    select
        last_insert_rowid()
2026-04-21 20:48:35.870 DEBUG [BestMovie4you_bot Telegram Executor] org.hibernate.SQL - 
    select
        ue1_0.id,
        ue1_0.chatId,
        ue1_0.name,
        ue1_0.userTgId 
    from
        users ue1_0 
    where
        ue1_0.userTgId=?
2026-04-21 20:48:35.870 TRACE [BestMovie4you_bot Telegram Executor] org.hibernate.orm.jdbc.bind - binding parameter (1:BIGINT) <- [1364198563]
2026-04-21 20:48:35.871 DEBUG [BestMovie4you_bot Telegram Executor] org.hibernate.SQL - 
    insert 
    into
        films
        (originalTitle, review, userId) 
    values
        (?, ?, ?)
2026-04-21 20:48:35.872 TRACE [BestMovie4you_bot Telegram Executor] org.hibernate.orm.jdbc.bind - binding parameter (1:VARCHAR) <- [The Super Mario Galaxy Movie]
2026-04-21 20:48:35.872 TRACE [BestMovie4you_bot Telegram Executor] org.hibernate.orm.jdbc.bind - binding parameter (2:DOUBLE) <- [9.0]
2026-04-21 20:48:35.872 TRACE [BestMovie4you_bot Telegram Executor] org.hibernate.orm.jdbc.bind - binding parameter (3:BIGINT) <- [11]
2026-04-21 20:48:35.874 DEBUG [BestMovie4you_bot Telegram Executor] org.hibernate.SQL - 
    select
        last_insert_rowid()
2026-04-21 20:48:38.260 DEBUG [BestMovie4you_bot Telegram Executor] org.hibernate.SQL - 
    select
        ue1_0.id,
        ue1_0.chatId,
        ue1_0.name,
        ue1_0.userTgId 
    from
        users ue1_0 
    where
        ue1_0.userTgId=?
2026-04-21 20:48:38.260 TRACE [BestMovie4you_bot Telegram Executor] org.hibernate.orm.jdbc.bind - binding parameter (1:BIGINT) <- [1364198563]
2026-04-21 20:48:38.261 DEBUG [BestMovie4you_bot Telegram Executor] org.hibernate.SQL - 
    insert 
    into
        films
        (originalTitle, review, userId) 
    values
        (?, ?, ?)
2026-04-21 20:48:38.261 TRACE [BestMovie4you_bot Telegram Executor] org.hibernate.orm.jdbc.bind - binding parameter (1:VARCHAR) <- [The Super Mario Galaxy Movie]
2026-04-21 20:48:38.261 TRACE [BestMovie4you_bot Telegram Executor] org.hibernate.orm.jdbc.bind - binding parameter (2:DOUBLE) <- [6.0]
2026-04-21 20:48:38.261 TRACE [BestMovie4you_bot Telegram Executor] org.hibernate.orm.jdbc.bind - binding parameter (3:BIGINT) <- [11]
2026-04-21 20:48:38.263 DEBUG [BestMovie4you_bot Telegram Executor] org.hibernate.SQL - 
    select
        last_insert_rowid()
2026-04-21 20:48:38.766 DEBUG [BestMovie4you_bot Telegram Executor] org.hibernate.SQL - 
    select
        ue1_0.id,
        ue1_0.chatId,
        ue1_0.name,
        ue1_0.userTgId 
    from
        users ue1_0 
    where
        ue1_0.userTgId=?
2026-04-21 20:48:38.767 TRACE [BestMovie4you_bot Telegram Executor] org.hibernate.orm.jdbc.bind - binding parameter (1:BIGINT) <- [1364198563]
2026-04-21 20:48:38.767 DEBUG [BestMovie4you_bot Telegram Executor] org.hibernate.SQL - 
    insert 
    into
        films
        (originalTitle, review, userId) 
    values
        (?, ?, ?)
2026-04-21 20:48:38.768 TRACE [BestMovie4you_bot Telegram Executor] org.hibernate.orm.jdbc.bind - binding parameter (1:VARCHAR) <- [The Super Mario Galaxy Movie]
2026-04-21 20:48:38.768 TRACE [BestMovie4you_bot Telegram Executor] org.hibernate.orm.jdbc.bind - binding parameter (2:DOUBLE) <- [7.0]
2026-04-21 20:48:38.768 TRACE [BestMovie4you_bot Telegram Executor] org.hibernate.orm.jdbc.bind - binding parameter (3:BIGINT) <- [11]
2026-04-21 20:48:38.769 DEBUG [BestMovie4you_bot Telegram Executor] org.hibernate.SQL - 
    select
        last_insert_rowid()
2026-04-21 20:48:42.532 DEBUG [BestMovie4you_bot Telegram Executor] org.hibernate.SQL - 
    select
        ue1_0.id,
        ue1_0.chatId,
        ue1_0.name,
        ue1_0.userTgId 
    from
        users ue1_0 
    where
        ue1_0.userTgId=?
2026-04-21 20:48:42.533 TRACE [BestMovie4you_bot Telegram Executor] org.hibernate.orm.jdbc.bind - binding parameter (1:BIGINT) <- [1364198563]
2026-04-21 20:48:42.534 DEBUG [BestMovie4you_bot Telegram Executor] org.hibernate.SQL - 
    select
        fe1_0.id,
        fe1_0.originalTitle,
        fe1_0.review,
        fe1_0.userId 
    from
        films fe1_0 
    where
        fe1_0.userId=?
2026-04-21 20:48:42.534 TRACE [BestMovie4you_bot Telegram Executor] org.hibernate.orm.jdbc.bind - binding parameter (1:BIGINT) <- [11]
2026-04-21 20:49:01.066 DEBUG [BestMovie4you_bot Telegram Executor] org.hibernate.SQL - 
    select
        ue1_0.id,
        ue1_0.chatId,
        ue1_0.name,
        ue1_0.userTgId 
    from
        users ue1_0 
    where
        ue1_0.userTgId=?
2026-04-21 20:49:01.071 TRACE [BestMovie4you_bot Telegram Executor] org.hibernate.orm.jdbc.bind - binding parameter (1:BIGINT) <- [1364198563]
2026-04-21 20:49:01.088 DEBUG [BestMovie4you_bot Telegram Executor] org.hibernate.SQL - 
    select
        fe1_0.id,
        fe1_0.originalTitle,
        fe1_0.review,
        fe1_0.userId 
    from
        films fe1_0 
    where
        fe1_0.userId=?
2026-04-21 20:49:01.089 TRACE [BestMovie4you_bot Telegram Executor] org.hibernate.orm.jdbc.bind - binding parameter (1:BIGINT) <- [11]
